Component: ARM Compiler 5.06 update 6 (build 750) Tool: armlink [4d35ed]

==============================================================================

Section Cross References

    main.o(i.LED_init) refers to main.o(.data) for I2Cdrv
    main.o(i.PIT0_IRQHandler) refers to main.o(i.update_buffer) for update_buffer
    main.o(i.PIT0_IRQHandler) refers to mainfile.o(i.update_buffer) for update_buffer
    main.o(i.PIT0_IRQHandler) refers to utils.o(i.LEDBlue_On) for LEDBlue_On
    main.o(i.PIT0_IRQHandler) refers to main.o(.data) for current_time
    main.o(i.PIT0_IRQHandler) refers to mainfile.o(.data) for current_time
    main.o(i.PIT0_IRQHandler) refers to main.o(.bss) for displaybuffer
    main.o(i.PIT0_IRQHandler) refers to mainfile.o(.bss) for displaybuffer
    main.o(i.PORTB_IRQHandler) refers to main.o(i.scoring) for scoring
    main.o(i.PORTB_IRQHandler) refers to utils.o(i.LED_Off) for LED_Off
    main.o(i.Score_Screen) refers to main.o(.bss) for displaybuffer
    main.o(i.Score_Screen) refers to mainfile.o(.bss) for displaybuffer
    main.o(i.begin) refers to main.o(i.blinkRate) for blinkRate
    main.o(i.begin) refers to main.o(i.setBrightness) for setBrightness
    main.o(i.begin) refers to main.o(.data) for I2Cdrv
    main.o(i.blinkRate) refers to main.o(.data) for I2Cdrv
    main.o(i.clear) refers to main.o(.bss) for displaybuffer
    main.o(i.clear) refers to mainfile.o(.bss) for displaybuffer
    main.o(i.clear_right_half) refers to main.o(.bss) for displaybuffer
    main.o(i.clear_right_half) refers to mainfile.o(.bss) for displaybuffer
    main.o(i.eight_end) refers to main.o(.bss) for displaybuffer
    main.o(i.eight_end) refers to mainfile.o(.bss) for displaybuffer
    main.o(i.five_end) refers to main.o(.bss) for displaybuffer
    main.o(i.five_end) refers to mainfile.o(.bss) for displaybuffer
    main.o(i.four_end) refers to main.o(.bss) for displaybuffer
    main.o(i.four_end) refers to mainfile.o(.bss) for displaybuffer
    main.o(i.main) refers to hardware_init.o(i.hardware_init) for hardware_init
    main.o(i.main) refers to utils.o(i.LED_Initialize) for LED_Initialize
    main.o(i.main) refers to main.o(i.setup_button) for setup_button
    main.o(i.main) refers to main.o(i.LED_init) for LED_init
    main.o(i.main) refers to mainfile.o(i.LED_init) for LED_init
    main.o(i.main) refers to main.o(i.begin) for begin
    main.o(i.main) refers to main.o(i.clear) for clear
    main.o(i.main) refers to main.o(i.setUpPit) for setUpPit
    main.o(i.main) refers to main.o(.data) for stop_game
    main.o(i.nine_end) refers to main.o(.bss) for displaybuffer
    main.o(i.nine_end) refers to mainfile.o(.bss) for displaybuffer
    main.o(i.one) refers to main.o(.bss) for displaybuffer
    main.o(i.one) refers to mainfile.o(.bss) for displaybuffer
    main.o(i.return_rhythm) refers to main.o(.bss) for displaybuffer
    main.o(i.return_rhythm) refers to mainfile.o(.bss) for displaybuffer
    main.o(i.score_number) refers to main.o(i.clear) for clear
    main.o(i.score_number) refers to main.o(i.zero_end) for zero_end
    main.o(i.score_number) refers to main.o(i.two_end) for two_end
    main.o(i.score_number) refers to main.o(i.three_end) for three_end
    main.o(i.score_number) refers to main.o(i.four_end) for four_end
    main.o(i.score_number) refers to main.o(i.five_end) for five_end
    main.o(i.score_number) refers to main.o(i.six_end) for six_end
    main.o(i.score_number) refers to main.o(i.seven_end) for seven_end
    main.o(i.score_number) refers to main.o(i.eight_end) for eight_end
    main.o(i.score_number) refers to main.o(i.nine_end) for nine_end
    main.o(i.score_number) refers to main.o(i.clear_right_half) for clear_right_half
    main.o(i.score_number) refers to main.o(.bss) for displaybuffer
    main.o(i.score_number) refers to mainfile.o(.bss) for displaybuffer
    main.o(i.scoring) refers to main.o(.data) for current_time
    main.o(i.scoring) refers to mainfile.o(.data) for current_time
    main.o(i.setBrightness) refers to main.o(.data) for I2Cdrv
    main.o(i.setUpPit) refers to main.o(i.__NVIC_EnableIRQ) for __NVIC_EnableIRQ
    main.o(i.setUpPit) refers to main.o(.data) for current_time
    main.o(i.setUpPit) refers to mainfile.o(.data) for current_time
    main.o(i.setupPWM) refers to main.o(i.__NVIC_EnableIRQ) for __NVIC_EnableIRQ
    main.o(i.setup_button) refers to main.o(i.__NVIC_EnableIRQ) for __NVIC_EnableIRQ
    main.o(i.seven_end) refers to main.o(.bss) for displaybuffer
    main.o(i.seven_end) refers to mainfile.o(.bss) for displaybuffer
    main.o(i.six_end) refers to main.o(.bss) for displaybuffer
    main.o(i.six_end) refers to mainfile.o(.bss) for displaybuffer
    main.o(i.sub_rhythm0) refers to main.o(.data) for pixels
    main.o(i.sub_rhythm1) refers to main.o(.data) for pixels
    main.o(i.sub_rhythm2) refers to main.o(.data) for pixels
    main.o(i.sub_rhythm3) refers to main.o(.data) for pixels
[...]
    fsl_gpio_driver.o(i.GPIO_DRV_TogglePinOutput) refers to fsl_gpio_driver.o(i.GPIO_DRV_GetPinDir) for i.GPIO_DRV_GetPinDir
    fsl_gpio_driver.o(i.GPIO_DRV_WritePinOutput) refers to fsl_gpio_hal.o(i.GPIO_HAL_WritePinOutput) for GPIO_HAL_WritePinOutput
    fsl_gpio_driver.o(i.GPIO_DRV_WritePinOutput) refers to fsl_gpio_common.o(.constdata) for g_gpioBase
    fsl_gpio_driver.o(i.INT_SYS_EnableIRQ) refers to assert.o(.text) for __aeabi_assert
    fsl_gpio_driver.o(i.INT_SYS_EnableIRQ) refers to fsl_gpio_driver.o(.conststring) for .conststring
    fsl_gpio_driver.o(i.PORT_HAL_SetDigitalFilterCmd) refers to assert.o(.text) for __aeabi_assert
    fsl_gpio_driver.o(i.PORT_HAL_SetDigitalFilterCmd) refers to fsl_gpio_driver.o(.conststring) for .conststring
    fsl_gpio_driver.o(i.PORT_HAL_SetMuxMode) refers to assert.o(.text) for __aeabi_assert
    fsl_gpio_driver.o(i.PORT_HAL_SetMuxMode) refers to fsl_gpio_driver.o(.conststring) for .conststring
    fsl_rtc_driver.o(i.INT_SYS_DisableIRQ) refers to assert.o(.text) for __aeabi_assert
    fsl_rtc_driver.o(i.INT_SYS_DisableIRQ) refers to fsl_rtc_driver.o(.conststring) for .conststring
    fsl_rtc_driver.o(i.INT_SYS_EnableIRQ) refers to assert.o(.text) for __aeabi_assert
    fsl_rtc_driver.o(i.INT_SYS_EnableIRQ) refers to fsl_rtc_driver.o(.conststring) for .conststring
    fsl_rtc_driver.o(i.RTC_DRV_AlarmIntAction) refers to fsl_rtc_driver.o(i.RTC_DRV_SetAlarm) for RTC_DRV_SetAlarm
    fsl_rtc_driver.o(i.RTC_DRV_AlarmIntAction) refers to fsl_rtc_driver.o(i.RTC_HAL_SetAlarmReg) for RTC_HAL_SetAlarmReg
    fsl_rtc_driver.o(i.RTC_DRV_AlarmIntAction) refers to fsl_rtc_driver.o(i.RTC_HAL_SetAlarmIntCmd) for RTC_HAL_SetAlarmIntCmd
    fsl_rtc_driver.o(i.RTC_DRV_AlarmIntAction) refers to fsl_rtc_common.o(.constdata) for g_rtcBase
    fsl_rtc_driver.o(i.RTC_DRV_AlarmIntAction) refers to fsl_rtc_driver.o(.data) for s_rtcRepeatAlarmState
    fsl_rtc_driver.o(i.RTC_DRV_Deinit) refers to fsl_rtc_driver.o(i.INT_SYS_DisableIRQ) for INT_SYS_DisableIRQ
    fsl_rtc_driver.o(i.RTC_DRV_Deinit) refers to fsl_rtc_hal.o(i.RTC_HAL_Disable) for RTC_HAL_Disable
    fsl_rtc_driver.o(i.RTC_DRV_Deinit) refers to fsl_rtc_common.o(.constdata) for g_rtcIrqId
    fsl_rtc_driver.o(i.RTC_DRV_Deinit) refers to fsl_rtc_driver.o(.data) for s_rtcRepeatAlarmState
    fsl_rtc_driver.o(i.RTC_DRV_DeinitRepeatAlarm) refers to fsl_rtc_driver.o(.data) for s_rtcRepeatAlarmState
    fsl_rtc_driver.o(i.RTC_DRV_GetAlarm) refers to assert.o(.text) for __aeabi_assert
    fsl_rtc_driver.o(i.RTC_DRV_GetAlarm) refers to fsl_rtc_hal.o(i.RTC_HAL_ConvertSecsToDatetime) for RTC_HAL_ConvertSecsToDatetime
    fsl_rtc_driver.o(i.RTC_DRV_GetAlarm) refers to fsl_rtc_driver.o(.conststring) for .conststring
    fsl_rtc_driver.o(i.RTC_DRV_GetAlarm) refers to fsl_rtc_common.o(.constdata) for g_rtcBase
    fsl_rtc_driver.o(i.RTC_DRV_GetAlarm) refers to fsl_mcg_hal.o(.data) for g_xtalRtcClkFreq
    fsl_rtc_driver.o(i.RTC_DRV_GetAlarmIntCmd) refers to fsl_rtc_common.o(.constdata) for g_rtcBase
    fsl_rtc_driver.o(i.RTC_DRV_GetDatetime) refers to assert.o(.text) for __aeabi_assert
    fsl_rtc_driver.o(i.RTC_DRV_GetDatetime) refers to fsl_rtc_hal.o(i.RTC_HAL_GetDatetimeInSecs) for RTC_HAL_GetDatetimeInSecs
    fsl_rtc_driver.o(i.RTC_DRV_GetDatetime) refers to lludivv7m.o(.text) for __aeabi_uldivmod
    fsl_rtc_driver.o(i.RTC_DRV_GetDatetime) refers to fsl_rtc_hal.o(i.RTC_HAL_ConvertSecsToDatetime) for RTC_HAL_ConvertSecsToDatetime
    fsl_rtc_driver.o(i.RTC_DRV_GetDatetime) refers to fsl_rtc_driver.o(.conststring) for .conststring
    fsl_rtc_driver.o(i.RTC_DRV_GetDatetime) refers to fsl_rtc_common.o(.constdata) for g_rtcBase
    fsl_rtc_driver.o(i.RTC_DRV_GetDatetime) refers to fsl_mcg_hal.o(.data) for g_xtalRtcClkFreq
    fsl_rtc_driver.o(i.RTC_DRV_GetTimeCompensation) refers to fsl_rtc_common.o(.constdata) for g_rtcBase
    fsl_rtc_driver.o(i.RTC_DRV_Init) refers to fsl_rtc_hal.o(i.RTC_HAL_Init) for RTC_HAL_Init
    fsl_rtc_driver.o(i.RTC_DRV_Init) refers to fsl_rtc_hal.o(i.RTC_HAL_Enable) for RTC_HAL_Enable
    fsl_rtc_driver.o(i.RTC_DRV_Init) refers to fsl_rtc_driver.o(i.__NVIC_ClearPendingIRQ) for __NVIC_ClearPendingIRQ
    fsl_rtc_driver.o(i.RTC_DRV_Init) refers to fsl_rtc_driver.o(i.INT_SYS_EnableIRQ) for INT_SYS_EnableIRQ
    fsl_rtc_driver.o(i.RTC_DRV_Init) refers to fsl_rtc_common.o(.constdata) for g_rtcBase
    fsl_rtc_driver.o(i.RTC_DRV_InitRepeatAlarm) refers to assert.o(.text) for __aeabi_assert
    fsl_rtc_driver.o(i.RTC_DRV_InitRepeatAlarm) refers to rt_memclr.o(.text) for __aeabi_memclr
    fsl_rtc_driver.o(i.RTC_DRV_InitRepeatAlarm) refers to fsl_rtc_driver.o(.conststring) for .conststring
    fsl_rtc_driver.o(i.RTC_DRV_InitRepeatAlarm) refers to fsl_rtc_driver.o(.data) for s_rtcRepeatAlarmState
    fsl_rtc_driver.o(i.RTC_DRV_IsAlarmPending) refers to fsl_rtc_common.o(.constdata) for g_rtcBase
    fsl_rtc_driver.o(i.RTC_DRV_IsCounterEnabled) refers to fsl_rtc_common.o(.constdata) for g_rtcBase
    fsl_rtc_driver.o(i.RTC_DRV_SecsIntAction) refers to fsl_rtc_driver.o(i.RTC_HAL_SetSecsIntCmd) for RTC_HAL_SetSecsIntCmd
    fsl_rtc_driver.o(i.RTC_DRV_SecsIntAction) refers to fsl_rtc_common.o(.constdata) for g_rtcBase
    fsl_rtc_driver.o(i.RTC_DRV_SetAlarm) refers to assert.o(.text) for __aeabi_assert
    fsl_rtc_driver.o(i.RTC_DRV_SetAlarm) refers to fsl_rtc_hal.o(i.RTC_HAL_IsDatetimeCorrectFormat) for RTC_HAL_IsDatetimeCorrectFormat
    fsl_rtc_driver.o(i.RTC_DRV_SetAlarm) refers to fsl_rtc_hal.o(i.RTC_HAL_ConvertDatetimeToSecs) for RTC_HAL_ConvertDatetimeToSecs
    fsl_rtc_driver.o(i.RTC_DRV_SetAlarm) refers to fsl_rtc_driver.o(i.RTC_HAL_SetAlarmReg) for RTC_HAL_SetAlarmReg
    fsl_rtc_driver.o(i.RTC_DRV_SetAlarm) refers to fsl_rtc_driver.o(i.RTC_HAL_SetAlarmIntCmd) for RTC_HAL_SetAlarmIntCmd
    fsl_rtc_driver.o(i.RTC_DRV_SetAlarm) refers to fsl_rtc_driver.o(.conststring) for .conststring
    fsl_rtc_driver.o(i.RTC_DRV_SetAlarm) refers to fsl_rtc_common.o(.constdata) for g_rtcBase
    fsl_rtc_driver.o(i.RTC_DRV_SetAlarm) refers to fsl_mcg_hal.o(.data) for g_xtalRtcClkFreq
    fsl_rtc_driver.o(i.RTC_DRV_SetAlarmIntCmd) refers to fsl_rtc_driver.o(i.RTC_HAL_SetAlarmIntCmd) for RTC_HAL_SetAlarmIntCmd
    fsl_rtc_driver.o(i.RTC_DRV_SetAlarmIntCmd) refers to fsl_rtc_common.o(.constdata) for g_rtcBase
    fsl_rtc_driver.o(i.RTC_DRV_SetAlarmRepeat) refers to assert.o(.text) for __aeabi_assert
    fsl_rtc_driver.o(i.RTC_DRV_SetAlarmRepeat) refers to fsl_rtc_driver.o(i.RTC_DRV_SetAlarm) for RTC_DRV_SetAlarm
    fsl_rtc_driver.o(i.RTC_DRV_SetAlarmRepeat) refers to fsl_rtc_driver.o(.data) for s_rtcRepeatAlarmState
    fsl_rtc_driver.o(i.RTC_DRV_SetAlarmRepeat) refers to fsl_rtc_driver.o(.conststring) for .conststring
    fsl_rtc_driver.o(i.RTC_DRV_SetDatetime) refers to assert.o(.text) for __aeabi_assert
    fsl_rtc_driver.o(i.RTC_DRV_SetDatetime) refers to fsl_rtc_hal.o(i.RTC_HAL_IsDatetimeCorrectFormat) for RTC_HAL_IsDatetimeCorrectFormat
    fsl_rtc_driver.o(i.RTC_DRV_SetDatetime) refers to fsl_rtc_hal.o(i.RTC_HAL_ConvertDatetimeToSecs) for RTC_HAL_ConvertDatetimeToSecs
    fsl_rtc_driver.o(i.RTC_DRV_SetDatetime) refers to fsl_rtc_driver.o(i.RTC_HAL_EnableCounter) for RTC_HAL_EnableCounter
    fsl_rtc_driver.o(i.RTC_DRV_SetDatetime) refers to fsl_rtc_driver.o(.conststring) for .conststring
    fsl_rtc_driver.o(i.RTC_DRV_SetDatetime) refers to fsl_rtc_common.o(.constdata) for g_rtcBase
    fsl_rtc_driver.o(i.RTC_DRV_SetDatetime) refers to fsl_mcg_hal.o(.data) for g_xtalRtcClkFreq
    fsl_rtc_driver.o(i.RTC_DRV_SetSecsIntCmd) refers to fsl_rtc_driver.o(i.RTC_HAL_SetSecsIntCmd) for RTC_HAL_SetSecsIntCmd
    fsl_rtc_driver.o(i.RTC_DRV_SetSecsIntCmd) refers to fsl_rtc_common.o(.constdata) for g_rtcBase
    fsl_rtc_driver.o(i.RTC_DRV_SetTimeCompensation) refers to fsl_rtc_common.o(.constdata) for g_rtcBase
    fsl_edma_hal.o(i.EDMA_HAL_HTCDGetBeginMajorCount) refers to assert.o(.text) for __aeabi_assert
    fsl_edma_hal.o(i.EDMA_HAL_HTCDGetBeginMajorCount) refers to fsl_edma_hal.o(.conststring) for .conststring
    fsl_edma_hal.o(i.EDMA_HAL_HTCDGetCurrentMajorCount) refers to assert.o(.text) for __aeabi_assert
    fsl_edma_hal.o(i.EDMA_HAL_HTCDGetCurrentMajorCount) refers to fsl_edma_hal.o(.conststring) for .conststring
    fsl_edma_hal.o(i.EDMA_HAL_HTCDGetFinishedBytes) refers to assert.o(.text) for __aeabi_assert
    fsl_edma_hal.o(i.EDMA_HAL_HTCDGetFinishedBytes) refers to fsl_edma_hal.o(i.EDMA_HAL_HTCDGetNbytes) for EDMA_HAL_HTCDGetNbytes
    fsl_edma_hal.o(i.EDMA_HAL_HTCDGetFinishedBytes) refers to fsl_edma_hal.o(i.EDMA_HAL_HTCDGetBeginMajorCount) for EDMA_HAL_HTCDGetBeginMajorCount
    fsl_edma_hal.o(i.EDMA_HAL_HTCDGetFinishedBytes) refers to fsl_edma_hal.o(i.EDMA_HAL_HTCDGetCurrentMajorCount) for EDMA_HAL_HTCDGetCurrentMajorCount
    fsl_edma_hal.o(i.EDMA_HAL_HTCDGetFinishedBytes) refers to fsl_edma_hal.o(.conststring) for .conststring
    fsl_edma_hal.o(i.EDMA_HAL_HTCDGetNbytes) refers to assert.o(.text) for __aeabi_assert
    fsl_edma_hal.o(i.EDMA_HAL_HTCDGetNbytes) refers to fsl_edma_hal.o(.conststring) for .conststring
    fsl_edma_hal.o(i.EDMA_HAL_HTCDGetUnfinishedBytes) refers to assert.o(.text) for __aeabi_assert
    fsl_edma_hal.o(i.EDMA_HAL_HTCDGetUnfinishedBytes) refers to fsl_edma_hal.o(i.EDMA_HAL_HTCDGetNbytes) for EDMA_HAL_HTCDGetNbytes
    fsl_edma_hal.o(i.EDMA_HAL_HTCDGetUnfinishedBytes) refers to fsl_edma_hal.o(.conststring) for .conststring
    fsl_edma_hal.o(i.EDMA_HAL_HTCDSetAttribute) refers to assert.o(.text) for __aeabi_assert
    fsl_edma_hal.o(i.EDMA_HAL_HTCDSetAttribute) refers to fsl_edma_hal.o(.conststring) for .conststring
    fsl_edma_hal.o(i.EDMA_HAL_HTCDSetChannelMinorLink) refers to assert.o(.text) for __aeabi_assert
    fsl_edma_hal.o(i.EDMA_HAL_HTCDSetChannelMinorLink) refers to fsl_edma_hal.o(.conststring) for .conststring
    fsl_edma_hal.o(i.EDMA_HAL_HTCDSetMajorCount) refers to assert.o(.text) for __aeabi_assert
    fsl_edma_hal.o(i.EDMA_HAL_HTCDSetMajorCount) refers to fsl_edma_hal.o(.conststring) for .conststring
    fsl_edma_hal.o(i.EDMA_HAL_HTCDSetMinorLoopOffset) refers to assert.o(.text) for __aeabi_assert
    fsl_edma_hal.o(i.EDMA_HAL_HTCDSetMinorLoopOffset) refers to fsl_edma_hal.o(.conststring) for .conststring
    fsl_edma_hal.o(i.EDMA_HAL_HTCDSetNbytes) refers to assert.o(.text) for __aeabi_assert
    fsl_edma_hal.o(i.EDMA_HAL_HTCDSetNbytes) refers to fsl_edma_hal.o(.conststring) for .conststring
    fsl_edma_hal.o(i.EDMA_HAL_HTCDSetScatterGatherLink) refers to assert.o(.text) for __aeabi_assert
    fsl_edma_hal.o(i.EDMA_HAL_HTCDSetScatterGatherLink) refers to fsl_edma_hal.o(.conststring) for .conststring
    fsl_edma_hal.o(i.EDMA_HAL_Init) refers to fsl_edma_hal.o(i.EDMA_HAL_HTCDClearReg) for EDMA_HAL_HTCDClearReg
    fsl_edma_hal.o(i.EDMA_HAL_PushSTCDToHTCD) refers to assert.o(.text) for __aeabi_assert
    fsl_edma_hal.o(i.EDMA_HAL_PushSTCDToHTCD) refers to fsl_edma_hal.o(.conststring) for .conststring
    fsl_edma_hal.o(i.EDMA_HAL_STCDSetAttribute) refers to assert.o(.text) for __aeabi_assert
    fsl_edma_hal.o(i.EDMA_HAL_STCDSetAttribute) refers to fsl_edma_hal.o(.conststring) for .conststring
    fsl_edma_hal.o(i.EDMA_HAL_STCDSetBasicTransfer) refers to assert.o(.text) for __aeabi_assert
    fsl_edma_hal.o(i.EDMA_HAL_STCDSetBasicTransfer) refers to fsl_edma_hal.o(i.EDMA_HAL_STCDSetAttribute) for EDMA_HAL_STCDSetAttribute
    fsl_edma_hal.o(i.EDMA_HAL_STCDSetBasicTransfer) refers to fsl_edma_hal.o(i.EDMA_HAL_STCDSetNbytes) for EDMA_HAL_STCDSetNbytes
    fsl_edma_hal.o(i.EDMA_HAL_STCDSetBasicTransfer) refers to fsl_edma_hal.o(i.EDMA_HAL_STCDSetMajorCount) for EDMA_HAL_STCDSetMajorCount
    fsl_edma_hal.o(i.EDMA_HAL_STCDSetBasicTransfer) refers to fsl_edma_hal.o(.conststring) for .conststring
    fsl_edma_hal.o(i.EDMA_HAL_STCDSetBasicTransfer) refers to fsl_edma_hal.o(i.EDMA_HAL_STCDSetScatterGatherLink) for i.EDMA_HAL_STCDSetScatterGatherLink
    fsl_edma_hal.o(i.EDMA_HAL_STCDSetChannelMinorLink) refers to assert.o(.text) for __aeabi_assert
    fsl_edma_hal.o(i.EDMA_HAL_STCDSetChannelMinorLink) refers to fsl_edma_hal.o(.conststring) for .conststring
    fsl_edma_hal.o(i.EDMA_HAL_STCDSetMajorCount) refers to assert.o(.text) for __aeabi_assert
    fsl_edma_hal.o(i.EDMA_HAL_STCDSetMajorCount) refers to fsl_edma_hal.o(.conststring) for .conststring
    fsl_edma_hal.o(i.EDMA_HAL_STCDSetMinorLoopOffset) refers to assert.o(.text) for __aeabi_assert
    fsl_edma_hal.o(i.EDMA_HAL_STCDSetMinorLoopOffset) refers to fsl_edma_hal.o(.conststring) for .conststring
    fsl_edma_hal.o(i.EDMA_HAL_STCDSetNbytes) refers to assert.o(.text) for __aeabi_assert
    fsl_edma_hal.o(i.EDMA_HAL_STCDSetNbytes) refers to fsl_edma_hal.o(.conststring) for .conststring
    fsl_edma_hal.o(i.EDMA_HAL_STCDSetScatterGatherLink) refers to assert.o(.text) for __aeabi_assert
    fsl_edma_hal.o(i.EDMA_HAL_STCDSetScatterGatherLink) refers to fsl_edma_hal.o(.conststring) for .conststring
    fsl_gpio_hal.o(i.GPIO_HAL_SetPinDir) refers to assert.o(.text) for __aeabi_assert
    fsl_gpio_hal.o(i.GPIO_HAL_SetPinDir) refers to fsl_gpio_hal.o(.conststring) for .conststring
    fsl_gpio_hal.o(i.GPIO_HAL_WritePinOutput) refers to assert.o(.text) for __aeabi_assert
    fsl_gpio_hal.o(i.GPIO_HAL_WritePinOutput) refers to fsl_gpio_hal.o(.conststring) for .conststring
    fsl_i2c_hal.o(i.I2C_HAL_MasterReceiveDataPolling) refers to fsl_i2c_hal.o(i.I2C_HAL_SetDirMode) for I2C_HAL_SetDirMode
    fsl_i2c_hal.o(i.I2C_HAL_MasterReceiveDataPolling) refers to fsl_i2c_hal.o(i.I2C_HAL_SendStart) for I2C_HAL_SendStart
    fsl_i2c_hal.o(i.I2C_HAL_MasterReceiveDataPolling) refers to fsl_i2c_hal.o(i.I2C_HAL_WriteByteBlocking) for I2C_HAL_WriteByteBlocking
    fsl_i2c_hal.o(i.I2C_HAL_MasterReceiveDataPolling) refers to fsl_i2c_hal.o(i.I2C_HAL_SendStop) for I2C_HAL_SendStop
    fsl_i2c_hal.o(i.I2C_HAL_MasterReceiveDataPolling) refers to fsl_i2c_hal.o(i.I2C_HAL_SendNak) for I2C_HAL_SendNak
    fsl_i2c_hal.o(i.I2C_HAL_MasterReceiveDataPolling) refers to fsl_i2c_hal.o(i.I2C_HAL_SendAck) for I2C_HAL_SendAck
    fsl_i2c_hal.o(i.I2C_HAL_MasterReceiveDataPolling) refers to fsl_i2c_hal.o(i.I2C_HAL_ReadByteBlocking) for I2C_HAL_ReadByteBlocking
    fsl_i2c_hal.o(i.I2C_HAL_MasterReceiveDataPolling) refers to fsl_i2c_hal.o(i.I2C_HAL_ReadByte) for I2C_HAL_ReadByte
    fsl_i2c_hal.o(i.I2C_HAL_MasterSendDataPolling) refers to fsl_i2c_hal.o(i.I2C_HAL_SetDirMode) for I2C_HAL_SetDirMode
    fsl_i2c_hal.o(i.I2C_HAL_MasterSendDataPolling) refers to fsl_i2c_hal.o(i.I2C_HAL_SendStart) for I2C_HAL_SendStart
    fsl_i2c_hal.o(i.I2C_HAL_MasterSendDataPolling) refers to fsl_i2c_hal.o(i.I2C_HAL_WriteByteBlocking) for I2C_HAL_WriteByteBlocking
    fsl_i2c_hal.o(i.I2C_HAL_MasterSendDataPolling) refers to fsl_i2c_hal.o(i.I2C_HAL_SendStop) for I2C_HAL_SendStop
    fsl_i2c_hal.o(i.I2C_HAL_SendStop) refers to assert.o(.text) for __aeabi_assert
    fsl_i2c_hal.o(i.I2C_HAL_SendStop) refers to fsl_i2c_hal.o(i.I2C_HAL_GetStatusFlag) for I2C_HAL_GetStatusFlag
    fsl_i2c_hal.o(i.I2C_HAL_SendStop) refers to fsl_i2c_hal.o(.conststring) for .conststring
    fsl_i2c_hal.o(i.I2C_HAL_SetBaudRate) refers to fsl_i2c_hal.o(.constdata) for kI2CDividerTable
    fsl_i2c_hal.o(i.I2C_HAL_SlaveReceiveDataPolling) refers to fsl_i2c_hal.o(i.I2C_HAL_GetStartFlag) for I2C_HAL_GetStartFlag
    fsl_i2c_hal.o(i.I2C_HAL_SlaveReceiveDataPolling) refers to fsl_i2c_hal.o(i.I2C_HAL_ClearStartFlag) for I2C_HAL_ClearStartFlag
    fsl_i2c_hal.o(i.I2C_HAL_SlaveReceiveDataPolling) refers to fsl_i2c_hal.o(i.I2C_HAL_GetStatusFlag) for I2C_HAL_GetStatusFlag
    fsl_i2c_hal.o(i.I2C_HAL_SlaveReceiveDataPolling) refers to fsl_i2c_hal.o(i.I2C_HAL_IsIntPending) for I2C_HAL_IsIntPending
    fsl_i2c_hal.o(i.I2C_HAL_SlaveReceiveDataPolling) refers to fsl_i2c_hal.o(i.I2C_HAL_ClearInt) for I2C_HAL_ClearInt
    fsl_i2c_hal.o(i.I2C_HAL_SlaveReceiveDataPolling) refers to fsl_i2c_hal.o(i.I2C_HAL_SetDirMode) for I2C_HAL_SetDirMode
    fsl_i2c_hal.o(i.I2C_HAL_SlaveReceiveDataPolling) refers to fsl_i2c_hal.o(i.I2C_HAL_ReadByte) for I2C_HAL_ReadByte
    fsl_i2c_hal.o(i.I2C_HAL_SlaveSendDataPolling) refers to fsl_i2c_hal.o(i.I2C_HAL_GetStartFlag) for I2C_HAL_GetStartFlag
    fsl_i2c_hal.o(i.I2C_HAL_SlaveSendDataPolling) refers to fsl_i2c_hal.o(i.I2C_HAL_ClearStartFlag) for I2C_HAL_ClearStartFlag
    fsl_i2c_hal.o(i.I2C_HAL_SlaveSendDataPolling) refers to fsl_i2c_hal.o(i.I2C_HAL_GetStatusFlag) for I2C_HAL_GetStatusFlag
    fsl_i2c_hal.o(i.I2C_HAL_SlaveSendDataPolling) refers to fsl_i2c_hal.o(i.I2C_HAL_IsIntPending) for I2C_HAL_IsIntPending
    fsl_i2c_hal.o(i.I2C_HAL_SlaveSendDataPolling) refers to fsl_i2c_hal.o(i.I2C_HAL_ClearInt) for I2C_HAL_ClearInt
    fsl_i2c_hal.o(i.I2C_HAL_SlaveSendDataPolling) refers to fsl_i2c_hal.o(i.I2C_HAL_SetDirMode) for I2C_HAL_SetDirMode
    fsl_lptmr_hal.o(i.LPTMR_HAL_Init) refers to fsl_lptmr_hal.o(i.LPTMR_HAL_SetTimerWorkingMode) for LPTMR_HAL_SetTimerWorkingMode
    fsl_lptmr_hal.o(i.LPTMR_HAL_Init) refers to fsl_lptmr_hal.o(i.LPTMR_HAL_SetPrescalerMode) for LPTMR_HAL_SetPrescalerMode
    fsl_mcg_hal.o(i.CLOCK_HAL_GetAvailableFrdiv) refers to fsl_mcg_hal.o(.constdata) for freq_kHz
    fsl_mcg_hal.o(i.CLOCK_HAL_GetFixedFreqClk) refers to fsl_mcg_hal.o(i.CLOCK_HAL_GetFllRefClk) for CLOCK_HAL_GetFllRefClk
    fsl_mcg_hal.o(i.CLOCK_HAL_GetFixedFreqClk) refers to fsl_mcg_hal.o(i.CLOCK_HAL_GetOutClk) for CLOCK_HAL_GetOutClk
    fsl_mcg_hal.o(i.CLOCK_HAL_GetFllClk) refers to fsl_mcg_hal.o(i.CLOCK_HAL_GetFllRefClk) for CLOCK_HAL_GetFllRefClk
    fsl_mcg_hal.o(i.CLOCK_HAL_GetFllClk) refers to fsl_mcg_hal.o(i.CLOCK_HAL_TestFllFreq) for CLOCK_HAL_TestFllFreq
    fsl_mcg_hal.o(i.CLOCK_HAL_GetFllRefClk) refers to fsl_mcg_hal.o(i.CLOCK_HAL_GetMcgExternalClkFreq) for CLOCK_HAL_GetMcgExternalClkFreq
    fsl_mcg_hal.o(i.CLOCK_HAL_GetFllRefClk) refers to fsl_mcg_hal.o(i.CLOCK_HAL_TestFllExternalRefFreq) for CLOCK_HAL_TestFllExternalRefFreq
    fsl_mcg_hal.o(i.CLOCK_HAL_GetFllRefClk) refers to fsl_mcg_hal.o(.data) for g_slowInternalRefClkFreq
    fsl_mcg_hal.o(i.CLOCK_HAL_GetInternalRefClk) refers to fsl_mcg_hal.o(.data) for g_slowInternalRefClkFreq
    fsl_mcg_hal.o(i.CLOCK_HAL_GetMcgExternalClkFreq) refers to fsl_mcg_hal.o(i.CLOCK_HAL_TestOscFreq) for CLOCK_HAL_TestOscFreq
    fsl_mcg_hal.o(i.CLOCK_HAL_GetOutClk) refers to fsl_mcg_hal.o(i.CLOCK_HAL_GetPll0Clk) for CLOCK_HAL_GetPll0Clk
    fsl_mcg_hal.o(i.CLOCK_HAL_GetOutClk) refers to fsl_mcg_hal.o(i.CLOCK_HAL_GetFllClk) for CLOCK_HAL_GetFllClk
    fsl_mcg_hal.o(i.CLOCK_HAL_GetOutClk) refers to fsl_mcg_hal.o(i.CLOCK_HAL_GetInternalRefClk) for CLOCK_HAL_GetInternalRefClk
    fsl_mcg_hal.o(i.CLOCK_HAL_GetOutClk) refers to fsl_mcg_hal.o(i.CLOCK_HAL_GetMcgExternalClkFreq) for CLOCK_HAL_GetMcgExternalClkFreq
    fsl_mcg_hal.o(i.CLOCK_HAL_GetPll0Clk) refers to fsl_mcg_hal.o(i.CLOCK_HAL_GetPll0RefFreq) for CLOCK_HAL_GetPll0RefFreq
    fsl_mcg_hal.o(i.CLOCK_HAL_GetPll0RefFreq) refers to fsl_mcg_hal.o(i.CLOCK_HAL_GetMcgExternalClkFreq) for CLOCK_HAL_GetMcgExternalClkFreq
    fsl_mcg_hal.o(i.CLOCK_HAL_TestFllFreq) refers to fsl_mcg_hal.o(.constdata) for fllFactorTable
    fsl_mcg_hal.o(i.CLOCK_HAL_TestOscFreq) refers to fsl_mcg_hal.o(.data) for g_xtal0ClkFreq
    fsl_mcg_hal.o(i.CLOCK_HAL_TrimInternalRefClk) refers to fsl_mcg_hal.o(.data) for g_fastInternalRefClkFreq
    fsl_mcg_hal.o(i.CLOCK_HAL_UpdateFastClkInternalRefDiv) refers to fsl_mcg_hal.o(i.CLOCK_HAL_SetInternalRefClkMode) for CLOCK_HAL_SetInternalRefClkMode
    fsl_mcg_hal.o(i.CLOCK_HAL_UpdateFastClkInternalRefDiv) refers to fsl_mcg_hal.o(i.CLOCK_HAL_GetInternalRefClkMode) for CLOCK_HAL_GetInternalRefClkMode
    fsl_mcg_hal_modes.o(i.CLOCK_HAL_GetMcgMode) refers to fsl_mcg_hal_modes.o(i.CLOCK_HAL_GetClkOutStat) for CLOCK_HAL_GetClkOutStat
    fsl_mcg_hal_modes.o(i.CLOCK_HAL_GetMcgMode) refers to fsl_mcg_hal_modes.o(i.CLOCK_HAL_GetFllSrc) for CLOCK_HAL_GetFllSrc
    fsl_mcg_hal_modes.o(i.CLOCK_HAL_GetMcgMode) refers to fsl_mcg_hal_modes.o(i.CLOCK_HAL_IsPllSelected) for CLOCK_HAL_IsPllSelected
    fsl_mcg_hal_modes.o(i.CLOCK_HAL_PrepareOsc) refers to fsl_mcg_hal_modes.o(i.CLOCK_HAL_IsOsc0Stable) for CLOCK_HAL_IsOsc0Stable
    fsl_mcg_hal_modes.o(i.CLOCK_HAL_SetBlpeMode) refers to fsl_mcg_hal_modes.o(i.CLOCK_HAL_GetMcgMode) for CLOCK_HAL_GetMcgMode
    fsl_mcg_hal_modes.o(i.CLOCK_HAL_SetBlpeMode) refers to fsl_mcg_hal.o(i.CLOCK_HAL_TestOscFreq) for CLOCK_HAL_TestOscFreq
    fsl_mcg_hal_modes.o(i.CLOCK_HAL_SetBlpeMode) refers to fsl_mcg_hal_modes.o(i.CLOCK_HAL_PrepareOsc) for CLOCK_HAL_PrepareOsc
    fsl_mcg_hal_modes.o(i.CLOCK_HAL_SetBlpiMode) refers to fsl_mcg_hal_modes.o(i.CLOCK_HAL_GetMcgMode) for CLOCK_HAL_GetMcgMode
    fsl_mcg_hal_modes.o(i.CLOCK_HAL_SetBlpiMode) refers to fsl_mcg_hal.o(i.CLOCK_HAL_UpdateFastClkInternalRefDiv) for CLOCK_HAL_UpdateFastClkInternalRefDiv
    fsl_mcg_hal_modes.o(i.CLOCK_HAL_SetBlpiMode) refers to fsl_mcg_hal_modes.o(i.CLOCK_HAL_GetInternalRefClkMode) for CLOCK_HAL_GetInternalRefClkMode
    fsl_mcg_hal_modes.o(i.CLOCK_HAL_SetBlpiMode) refers to fsl_mcg_hal.o(.data) for g_fastInternalRefClkFreq
    fsl_mcg_hal_modes.o(i.CLOCK_HAL_SetFbeMode) refers to fsl_mcg_hal_modes.o(i.CLOCK_HAL_GetMcgMode) for CLOCK_HAL_GetMcgMode
    fsl_mcg_hal_modes.o(i.CLOCK_HAL_SetFbeMode) refers to fsl_mcg_hal.o(i.CLOCK_HAL_TestOscFreq) for CLOCK_HAL_TestOscFreq
    fsl_mcg_hal_modes.o(i.CLOCK_HAL_SetFbeMode) refers to fsl_mcg_hal_modes.o(i.CLOCK_HAL_IsPllSelected) for CLOCK_HAL_IsPllSelected
    fsl_mcg_hal_modes.o(i.CLOCK_HAL_SetFbeMode) refers to fsl_mcg_hal_modes.o(i.CLOCK_HAL_GetFllSrc) for CLOCK_HAL_GetFllSrc
    fsl_mcg_hal_modes.o(i.CLOCK_HAL_SetFbeMode) refers to fsl_mcg_hal_modes.o(i.CLOCK_HAL_IsOsc0Stable) for CLOCK_HAL_IsOsc0Stable
    fsl_mcg_hal_modes.o(i.CLOCK_HAL_SetFbeMode) refers to fsl_mcg_hal_modes.o(i.CLOCK_HAL_GetClkOutStat) for CLOCK_HAL_GetClkOutStat
    fsl_mcg_hal_modes.o(i.CLOCK_HAL_SetFbiMode) refers to fsl_mcg_hal_modes.o(i.CLOCK_HAL_GetMcgMode) for CLOCK_HAL_GetMcgMode
    fsl_mcg_hal_modes.o(i.CLOCK_HAL_SetFbiMode) refers to fsl_mcg_hal_modes.o(i.CLOCK_HAL_GetFllSrc) for CLOCK_HAL_GetFllSrc
    fsl_mcg_hal_modes.o(i.CLOCK_HAL_SetFbiMode) refers to fsl_mcg_hal.o(i.CLOCK_HAL_UpdateFastClkInternalRefDiv) for CLOCK_HAL_UpdateFastClkInternalRefDiv
    fsl_mcg_hal_modes.o(i.CLOCK_HAL_SetFbiMode) refers to fsl_mcg_hal_modes.o(i.CLOCK_HAL_GetInternalRefClkMode) for CLOCK_HAL_GetInternalRefClkMode
    fsl_mcg_hal_modes.o(i.CLOCK_HAL_SetFbiMode) refers to fsl_mcg_hal_modes.o(i.CLOCK_HAL_GetClkOutStat) for CLOCK_HAL_GetClkOutStat
    fsl_mcg_hal_modes.o(i.CLOCK_HAL_SetFbiMode) refers to fsl_mcg_hal.o(.data) for g_slowInternalRefClkFreq
    fsl_mcg_hal_modes.o(i.CLOCK_HAL_SetFeeMode) refers to fsl_mcg_hal_modes.o(i.CLOCK_HAL_GetMcgMode) for CLOCK_HAL_GetMcgMode
    fsl_mcg_hal_modes.o(i.CLOCK_HAL_SetFeeMode) refers to fsl_mcg_hal.o(i.CLOCK_HAL_TestOscFreq) for CLOCK_HAL_TestOscFreq
    fsl_mcg_hal_modes.o(i.CLOCK_HAL_SetFeeMode) refers to fsl_mcg_hal.o(i.CLOCK_HAL_TestFllExternalRefFreq) for CLOCK_HAL_TestFllExternalRefFreq
    fsl_mcg_hal_modes.o(i.CLOCK_HAL_SetFeeMode) refers to fsl_mcg_hal.o(i.CLOCK_HAL_TestFllFreq) for CLOCK_HAL_TestFllFreq
    fsl_mcg_hal_modes.o(i.CLOCK_HAL_SetFeeMode) refers to fsl_mcg_hal_modes.o(i.CLOCK_HAL_IsOsc0Stable) for CLOCK_HAL_IsOsc0Stable
    fsl_mcg_hal_modes.o(i.CLOCK_HAL_SetFeeMode) refers to fsl_mcg_hal_modes.o(i.CLOCK_HAL_GetFllSrc) for CLOCK_HAL_GetFllSrc
    fsl_mcg_hal_modes.o(i.CLOCK_HAL_SetFeeMode) refers to fsl_mcg_hal_modes.o(i.CLOCK_HAL_GetClkOutStat) for CLOCK_HAL_GetClkOutStat
    fsl_mcg_hal_modes.o(i.CLOCK_HAL_SetFeiMode) refers to fsl_mcg_hal_modes.o(i.CLOCK_HAL_GetMcgMode) for CLOCK_HAL_GetMcgMode
    fsl_mcg_hal_modes.o(i.CLOCK_HAL_SetFeiMode) refers to fsl_mcg_hal.o(i.CLOCK_HAL_TestFllFreq) for CLOCK_HAL_TestFllFreq
    fsl_mcg_hal_modes.o(i.CLOCK_HAL_SetFeiMode) refers to fsl_mcg_hal_modes.o(i.CLOCK_HAL_GetFllSrc) for CLOCK_HAL_GetFllSrc
    fsl_mcg_hal_modes.o(i.CLOCK_HAL_SetFeiMode) refers to fsl_mcg_hal_modes.o(i.CLOCK_HAL_GetClkOutStat) for CLOCK_HAL_GetClkOutStat
    fsl_mcg_hal_modes.o(i.CLOCK_HAL_SetFeiMode) refers to fsl_mcg_hal.o(.data) for g_slowInternalRefClkFreq
    fsl_mcg_hal_modes.o(i.CLOCK_HAL_SetPbeMode) refers to fsl_mcg_hal_modes.o(i.CLOCK_HAL_GetMcgMode) for CLOCK_HAL_GetMcgMode
    fsl_mcg_hal_modes.o(i.CLOCK_HAL_SetPbeMode) refers to fsl_mcg_hal.o(i.CLOCK_HAL_TestOscFreq) for CLOCK_HAL_TestOscFreq
    fsl_mcg_hal_modes.o(i.CLOCK_HAL_SetPbeMode) refers to fsl_mcg_hal_modes.o(i.CLOCK_HAL_GetClkOutStat) for CLOCK_HAL_GetClkOutStat
    fsl_mcg_hal_modes.o(i.CLOCK_HAL_SetPbeMode) refers to fsl_mcg_hal_modes.o(i.CLOCK_HAL_PrepareOsc) for CLOCK_HAL_PrepareOsc
    fsl_mcg_hal_modes.o(i.CLOCK_HAL_SetPbeMode) refers to fsl_mcg_hal_modes.o(i.CLOCK_HAL_IsPllSelected) for CLOCK_HAL_IsPllSelected
    fsl_mcg_hal_modes.o(i.CLOCK_HAL_SetPeeMode) refers to fsl_mcg_hal_modes.o(i.CLOCK_HAL_GetMcgMode) for CLOCK_HAL_GetMcgMode
    fsl_mcg_hal_modes.o(i.CLOCK_HAL_SetPeeMode) refers to fsl_mcg_hal_modes.o(i.CLOCK_HAL_GetClkOutStat) for CLOCK_HAL_GetClkOutStat
    fsl_mcg_hal_modes.o(i.CLOCK_HAL_SetPeeMode) refers to fsl_mcg_hal.o(i.CLOCK_HAL_GetOutClk) for CLOCK_HAL_GetOutClk
    fsl_rtc_hal.o(i.RTC_HAL_ConvertDatetimeToSecs) refers to fsl_rtc_hal.o(.constdata) for MONTH_DAYS
    fsl_rtc_hal.o(i.RTC_HAL_ConvertSecsToDatetime) refers to fsl_rtc_hal.o(.constdata) for ULY
    fsl_rtc_hal.o(i.RTC_HAL_Disable) refers to fsl_rtc_hal.o(i.RTC_HAL_EnableCounter) for RTC_HAL_EnableCounter
    fsl_rtc_hal.o(i.RTC_HAL_Disable) refers to fsl_rtc_hal.o(i.RTC_HAL_IsOscillatorEnabled) for RTC_HAL_IsOscillatorEnabled
    fsl_rtc_hal.o(i.RTC_HAL_Disable) refers to fsl_rtc_hal.o(i.RTC_HAL_SetOscillatorCmd) for RTC_HAL_SetOscillatorCmd
    fsl_rtc_hal.o(i.RTC_HAL_Enable) refers to fsl_rtc_hal.o(i.RTC_HAL_SetOscillatorCmd) for RTC_HAL_SetOscillatorCmd
    fsl_rtc_hal.o(i.RTC_HAL_Enable) refers to fsl_rtc_hal.o(i.RTC_HAL_IsOscillatorEnabled) for RTC_HAL_IsOscillatorEnabled
    fsl_rtc_hal.o(i.RTC_HAL_Enable) refers to fsl_mcg_hal.o(.data) for g_xtal0ClkFreq
    fsl_rtc_hal.o(i.RTC_HAL_GetAlarm) refers to assert.o(.text) for __aeabi_assert
    fsl_rtc_hal.o(i.RTC_HAL_GetAlarm) refers to fsl_rtc_hal.o(i.RTC_HAL_ConvertSecsToDatetime) for RTC_HAL_ConvertSecsToDatetime
    fsl_rtc_hal.o(i.RTC_HAL_GetAlarm) refers to fsl_rtc_hal.o(.conststring) for .conststring
    fsl_rtc_hal.o(i.RTC_HAL_GetDatetime) refers to assert.o(.text) for __aeabi_assert
    fsl_rtc_hal.o(i.RTC_HAL_GetDatetime) refers to fsl_rtc_hal.o(i.RTC_HAL_GetDatetimeInSecs) for RTC_HAL_GetDatetimeInSecs
    fsl_rtc_hal.o(i.RTC_HAL_GetDatetime) refers to fsl_rtc_hal.o(i.RTC_HAL_ConvertSecsToDatetime) for RTC_HAL_ConvertSecsToDatetime
    fsl_rtc_hal.o(i.RTC_HAL_GetDatetime) refers to fsl_rtc_hal.o(.conststring) for .conststring
    fsl_rtc_hal.o(i.RTC_HAL_GetDatetimeInSecs) refers to assert.o(.text) for __aeabi_assert
    fsl_rtc_hal.o(i.RTC_HAL_GetDatetimeInSecs) refers to fsl_rtc_hal.o(.conststring) for .conststring
    fsl_rtc_hal.o(i.RTC_HAL_Init) refers to fsl_rtc_hal.o(i.RTC_HAL_SetSecsReg) for RTC_HAL_SetSecsReg
    fsl_rtc_hal.o(i.RTC_HAL_IsDatetimeCorrectFormat) refers to fsl_rtc_hal.o(.constdata) for ULY
    fsl_rtc_hal.o(i.RTC_HAL_SetAlarm) refers to assert.o(.text) for __aeabi_assert
    fsl_rtc_hal.o(i.RTC_HAL_SetAlarm) refers to fsl_rtc_hal.o(i.RTC_HAL_ConvertDatetimeToSecs) for RTC_HAL_ConvertDatetimeToSecs
    fsl_rtc_hal.o(i.RTC_HAL_SetAlarm) refers to fsl_rtc_hal.o(.conststring) for .conststring
    fsl_rtc_hal.o(i.RTC_HAL_SetDatetime) refers to assert.o(.text) for __aeabi_assert
    fsl_rtc_hal.o(i.RTC_HAL_SetDatetime) refers to fsl_rtc_hal.o(i.RTC_HAL_ConvertDatetimeToSecs) for RTC_HAL_ConvertDatetimeToSecs
    fsl_rtc_hal.o(i.RTC_HAL_SetDatetime) refers to fsl_rtc_hal.o(i.RTC_HAL_SetDatetimeInsecs) for RTC_HAL_SetDatetimeInsecs
    fsl_rtc_hal.o(i.RTC_HAL_SetDatetime) refers to fsl_rtc_hal.o(.conststring) for .conststring
    fsl_rtc_hal.o(i.RTC_HAL_SetDatetimeInsecs) refers to fsl_rtc_hal.o(i.RTC_HAL_EnableCounter) for RTC_HAL_EnableCounter
    fsl_rtc_hal.o(i.RTC_HAL_SetDatetimeInsecs) refers to fsl_rtc_hal.o(i.RTC_HAL_SetSecsReg) for RTC_HAL_SetSecsReg
    fsl_sim_hal_mk64f12.o(i.SIM_HAL_GetAdcAlternativeTriggerCmd) refers to assert.o(.text) for __aeabi_assert
    fsl_sim_hal_mk64f12.o(i.SIM_HAL_GetAdcAlternativeTriggerCmd) refers to fsl_sim_hal_mk64f12.o(.conststring) for .conststring
    fsl_sim_hal_mk64f12.o(i.SIM_HAL_GetAdcPreTriggerMode) refers to assert.o(.text) for __aeabi_assert
    fsl_sim_hal_mk64f12.o(i.SIM_HAL_GetAdcPreTriggerMode) refers to fsl_sim_hal_mk64f12.o(.conststring) for .conststring
    fsl_sim_hal_mk64f12.o(i.SIM_HAL_GetAdcTriggerMode) refers to assert.o(.text) for __aeabi_assert
    fsl_sim_hal_mk64f12.o(i.SIM_HAL_GetAdcTriggerMode) refers to fsl_sim_hal_mk64f12.o(.conststring) for .conststring
    fsl_sim_hal_mk64f12.o(i.SIM_HAL_GetFtmChSrcMode) refers to assert.o(.text) for __aeabi_assert
    fsl_sim_hal_mk64f12.o(i.SIM_HAL_GetFtmChSrcMode) refers to fsl_sim_hal_mk64f12.o(.conststring) for .conststring
    fsl_sim_hal_mk64f12.o(i.SIM_HAL_GetFtmExternalClkPinMode) refers to assert.o(.text) for __aeabi_assert
    fsl_sim_hal_mk64f12.o(i.SIM_HAL_GetFtmExternalClkPinMode) refers to fsl_sim_hal_mk64f12.o(.conststring) for .conststring
    fsl_sim_hal_mk64f12.o(i.SIM_HAL_GetFtmFaultSelMode) refers to assert.o(.text) for __aeabi_assert
    fsl_sim_hal_mk64f12.o(i.SIM_HAL_GetFtmFaultSelMode) refers to fsl_sim_hal_mk64f12.o(.conststring) for .conststring
    fsl_sim_hal_mk64f12.o(i.SIM_HAL_GetFtmTriggerSrcMode) refers to assert.o(.text) for __aeabi_assert
    fsl_sim_hal_mk64f12.o(i.SIM_HAL_GetFtmTriggerSrcMode) refers to fsl_sim_hal_mk64f12.o(.conststring) for .conststring
    fsl_sim_hal_mk64f12.o(i.SIM_HAL_GetUartRxSrcMode) refers to assert.o(.text) for __aeabi_assert
    fsl_sim_hal_mk64f12.o(i.SIM_HAL_GetUartRxSrcMode) refers to fsl_sim_hal_mk64f12.o(.conststring) for .conststring
    fsl_sim_hal_mk64f12.o(i.SIM_HAL_GetUartTxSrcMode) refers to assert.o(.text) for __aeabi_assert
    fsl_sim_hal_mk64f12.o(i.SIM_HAL_GetUartTxSrcMode) refers to fsl_sim_hal_mk64f12.o(.conststring) for .conststring
    fsl_sim_hal_mk64f12.o(i.SIM_HAL_SetAdcAlternativeTriggerCmd) refers to assert.o(.text) for __aeabi_assert
    fsl_sim_hal_mk64f12.o(i.SIM_HAL_SetAdcAlternativeTriggerCmd) refers to fsl_sim_hal_mk64f12.o(.conststring) for .conststring
    fsl_sim_hal_mk64f12.o(i.SIM_HAL_SetAdcPreTriggerMode) refers to assert.o(.text) for __aeabi_assert
    fsl_sim_hal_mk64f12.o(i.SIM_HAL_SetAdcPreTriggerMode) refers to fsl_sim_hal_mk64f12.o(.conststring) for .conststring
    fsl_sim_hal_mk64f12.o(i.SIM_HAL_SetAdcTriggerMode) refers to assert.o(.text) for __aeabi_assert
    fsl_sim_hal_mk64f12.o(i.SIM_HAL_SetAdcTriggerMode) refers to fsl_sim_hal_mk64f12.o(.conststring) for .conststring
    fsl_sim_hal_mk64f12.o(i.SIM_HAL_SetAdcTriggerModeOneStep) refers to assert.o(.text) for __aeabi_assert
    fsl_sim_hal_mk64f12.o(i.SIM_HAL_SetAdcTriggerModeOneStep) refers to fsl_sim_hal_mk64f12.o(.conststring) for .conststring
    fsl_sim_hal_mk64f12.o(i.SIM_HAL_SetFtmChSrcMode) refers to assert.o(.text) for __aeabi_assert
    fsl_sim_hal_mk64f12.o(i.SIM_HAL_SetFtmChSrcMode) refers to fsl_sim_hal_mk64f12.o(.conststring) for .conststring
    fsl_sim_hal_mk64f12.o(i.SIM_HAL_SetFtmExternalClkPinMode) refers to assert.o(.text) for __aeabi_assert
    fsl_sim_hal_mk64f12.o(i.SIM_HAL_SetFtmExternalClkPinMode) refers to fsl_sim_hal_mk64f12.o(.conststring) for .conststring
    fsl_sim_hal_mk64f12.o(i.SIM_HAL_SetFtmFaultSelMode) refers to assert.o(.text) for __aeabi_assert
    fsl_sim_hal_mk64f12.o(i.SIM_HAL_SetFtmFaultSelMode) refers to fsl_sim_hal_mk64f12.o(.conststring) for .conststring
    fsl_sim_hal_mk64f12.o(i.SIM_HAL_SetFtmTriggerSrcMode) refers to assert.o(.text) for __aeabi_assert
    fsl_sim_hal_mk64f12.o(i.SIM_HAL_SetFtmTriggerSrcMode) refers to fsl_sim_hal_mk64f12.o(.conststring) for .conststring
    fsl_sim_hal_mk64f12.o(i.SIM_HAL_SetUartRxSrcMode) refers to assert.o(.text) for __aeabi_assert
    fsl_sim_hal_mk64f12.o(i.SIM_HAL_SetUartRxSrcMode) refers to fsl_sim_hal_mk64f12.o(.conststring) for .conststring
    fsl_sim_hal_mk64f12.o(i.SIM_HAL_SetUartTxSrcMode) refers to assert.o(.text) for __aeabi_assert
    fsl_sim_hal_mk64f12.o(i.SIM_HAL_SetUartTxSrcMode) refers to fsl_sim_hal_mk64f12.o(.conststring) for .conststring
    fsl_uart_hal.o(i.UART_HAL_PutReceiverInStandbyMode) refers to fsl_uart_hal.o(i.UART_HAL_GetStatusFlag) for UART_HAL_GetStatusFlag
    fsl_uart_hal.o(i.UART_HAL_ReceiveDataPolling) refers to fsl_uart_hal.o(i.UART_HAL_Getchar) for UART_HAL_Getchar
    fsl_uart_hal.o(i.UART_HAL_SendDataPolling) refers to fsl_uart_hal.o(i.UART_HAL_Putchar) for UART_HAL_Putchar
    fsl_uart_hal.o(i.UART_HAL_SetBaudRateDivisor) refers to assert.o(.text) for __aeabi_assert
    fsl_uart_hal.o(i.UART_HAL_SetBaudRateDivisor) refers to fsl_uart_hal.o(.conststring) for .conststring
    fsl_os_abstraction_bm.o(i.OSA_EnterCritical) refers to fsl_interrupt_manager.o(i.INT_SYS_DisableIRQGlobal) for INT_SYS_DisableIRQGlobal
    fsl_os_abstraction_bm.o(i.OSA_EventClear) refers to assert.o(.text) for __aeabi_assert
    fsl_os_abstraction_bm.o(i.OSA_EventClear) refers to fsl_interrupt_manager.o(i.INT_SYS_DisableIRQGlobal) for INT_SYS_DisableIRQGlobal
    fsl_os_abstraction_bm.o(i.OSA_EventClear) refers to fsl_interrupt_manager.o(i.INT_SYS_EnableIRQGlobal) for INT_SYS_EnableIRQGlobal
    fsl_os_abstraction_bm.o(i.OSA_EventClear) refers to fsl_os_abstraction_bm.o(.conststring) for .conststring
    fsl_os_abstraction_bm.o(i.OSA_EventCreate) refers to assert.o(.text) for __aeabi_assert
    fsl_os_abstraction_bm.o(i.OSA_EventCreate) refers to fsl_os_abstraction_bm.o(.conststring) for .conststring
    fsl_os_abstraction_bm.o(i.OSA_EventDestroy) refers to assert.o(.text) for __aeabi_assert
    fsl_os_abstraction_bm.o(i.OSA_EventDestroy) refers to fsl_os_abstraction_bm.o(.conststring) for .conststring
    fsl_os_abstraction_bm.o(i.OSA_EventGetFlags) refers to assert.o(.text) for __aeabi_assert
    fsl_os_abstraction_bm.o(i.OSA_EventGetFlags) refers to fsl_os_abstraction_bm.o(.conststring) for .conststring
    fsl_os_abstraction_bm.o(i.OSA_EventSet) refers to assert.o(.text) for __aeabi_assert
    fsl_os_abstraction_bm.o(i.OSA_EventSet) refers to fsl_interrupt_manager.o(i.INT_SYS_DisableIRQGlobal) for INT_SYS_DisableIRQGlobal
    fsl_os_abstraction_bm.o(i.OSA_EventSet) refers to fsl_interrupt_manager.o(i.INT_SYS_EnableIRQGlobal) for INT_SYS_EnableIRQGlobal
    fsl_os_abstraction_bm.o(i.OSA_EventSet) refers to fsl_os_abstraction_bm.o(.conststring) for .conststring
    fsl_os_abstraction_bm.o(i.OSA_EventWait) refers to assert.o(.text) for __aeabi_assert
    fsl_os_abstraction_bm.o(i.OSA_EventWait) refers to fsl_interrupt_manager.o(i.INT_SYS_DisableIRQGlobal) for INT_SYS_DisableIRQGlobal
    fsl_os_abstraction_bm.o(i.OSA_EventWait) refers to fsl_interrupt_manager.o(i.INT_SYS_EnableIRQGlobal) for INT_SYS_EnableIRQGlobal
    fsl_os_abstraction_bm.o(i.OSA_EventWait) refers to fsl_os_abstraction_bm.o(i.OSA_TimeGetMsec) for OSA_TimeGetMsec
    fsl_os_abstraction_bm.o(i.OSA_EventWait) refers to fsl_os_abstraction_bm.o(i.OSA_TimeDiff) for OSA_TimeDiff
    fsl_os_abstraction_bm.o(i.OSA_EventWait) refers to fsl_os_abstraction_bm.o(.conststring) for .conststring
    fsl_os_abstraction_bm.o(i.OSA_ExitCritical) refers to fsl_interrupt_manager.o(i.INT_SYS_EnableIRQGlobal) for INT_SYS_EnableIRQGlobal
    fsl_os_abstraction_bm.o(i.OSA_Init) refers to fsl_os_abstraction_bm.o(i.task_init) for task_init
    fsl_os_abstraction_bm.o(i.OSA_Init) refers to fsl_os_abstraction_bm.o(i.OSA_TimeInit) for OSA_TimeInit
    fsl_os_abstraction_bm.o(i.OSA_InstallIntHandler) refers to fsl_interrupt_manager.o(i.INT_SYS_InstallHandler) for INT_SYS_InstallHandler
    fsl_os_abstraction_bm.o(i.OSA_MemAlloc) refers to h1_alloc.o(.text) for malloc
    fsl_os_abstraction_bm.o(i.OSA_MemAllocZero) refers to calloc.o(.text) for calloc
    fsl_os_abstraction_bm.o(i.OSA_MemFree) refers to h1_free.o(.text) for free
    fsl_os_abstraction_bm.o(i.OSA_MsgQCreate) refers to assert.o(.text) for __aeabi_assert
    fsl_os_abstraction_bm.o(i.OSA_MsgQCreate) refers to fsl_os_abstraction_bm.o(i.OSA_SemaCreate) for OSA_SemaCreate
    fsl_os_abstraction_bm.o(i.OSA_MsgQCreate) refers to fsl_os_abstraction_bm.o(.conststring) for .conststring
    fsl_os_abstraction_bm.o(i.OSA_MsgQDestroy) refers to assert.o(.text) for __aeabi_assert
    fsl_os_abstraction_bm.o(i.OSA_MsgQDestroy) refers to fsl_os_abstraction_bm.o(i.OSA_SemaDestroy) for OSA_SemaDestroy
    fsl_os_abstraction_bm.o(i.OSA_MsgQDestroy) refers to fsl_os_abstraction_bm.o(.conststring) for .conststring
    fsl_os_abstraction_bm.o(i.OSA_MsgQGet) refers to assert.o(.text) for __aeabi_assert
    fsl_os_abstraction_bm.o(i.OSA_MsgQGet) refers to fsl_interrupt_manager.o(i.INT_SYS_DisableIRQGlobal) for INT_SYS_DisableIRQGlobal
    fsl_os_abstraction_bm.o(i.OSA_MsgQGet) refers to fsl_os_abstraction_bm.o(i.OSA_SemaWait) for OSA_SemaWait
    fsl_os_abstraction_bm.o(i.OSA_MsgQGet) refers to fsl_interrupt_manager.o(i.INT_SYS_EnableIRQGlobal) for INT_SYS_EnableIRQGlobal
    fsl_os_abstraction_bm.o(i.OSA_MsgQGet) refers to fsl_os_abstraction_bm.o(.conststring) for .conststring
    fsl_os_abstraction_bm.o(i.OSA_MsgQPut) refers to assert.o(.text) for __aeabi_assert
    fsl_os_abstraction_bm.o(i.OSA_MsgQPut) refers to fsl_interrupt_manager.o(i.INT_SYS_DisableIRQGlobal) for INT_SYS_DisableIRQGlobal
    fsl_os_abstraction_bm.o(i.OSA_MsgQPut) refers to fsl_os_abstraction_bm.o(i.OSA_SemaPost) for OSA_SemaPost
    fsl_os_abstraction_bm.o(i.OSA_MsgQPut) refers to fsl_interrupt_manager.o(i.INT_SYS_EnableIRQGlobal) for INT_SYS_EnableIRQGlobal
    fsl_os_abstraction_bm.o(i.OSA_MsgQPut) refers to fsl_os_abstraction_bm.o(.conststring) for .conststring
    fsl_os_abstraction_bm.o(i.OSA_MutexCreate) refers to assert.o(.text) for __aeabi_assert
    fsl_os_abstraction_bm.o(i.OSA_MutexCreate) refers to fsl_os_abstraction_bm.o(.conststring) for .conststring
    fsl_os_abstraction_bm.o(i.OSA_MutexDestroy) refers to assert.o(.text) for __aeabi_assert
    fsl_os_abstraction_bm.o(i.OSA_MutexDestroy) refers to fsl_os_abstraction_bm.o(.conststring) for .conststring
    fsl_os_abstraction_bm.o(i.OSA_MutexLock) refers to assert.o(.text) for __aeabi_assert
    fsl_os_abstraction_bm.o(i.OSA_MutexLock) refers to fsl_interrupt_manager.o(i.INT_SYS_DisableIRQGlobal) for INT_SYS_DisableIRQGlobal
    fsl_os_abstraction_bm.o(i.OSA_MutexLock) refers to fsl_interrupt_manager.o(i.INT_SYS_EnableIRQGlobal) for INT_SYS_EnableIRQGlobal
    fsl_os_abstraction_bm.o(i.OSA_MutexLock) refers to fsl_os_abstraction_bm.o(i.OSA_TimeGetMsec) for OSA_TimeGetMsec
    fsl_os_abstraction_bm.o(i.OSA_MutexLock) refers to fsl_os_abstraction_bm.o(i.OSA_TimeDiff) for OSA_TimeDiff
    fsl_os_abstraction_bm.o(i.OSA_MutexLock) refers to fsl_os_abstraction_bm.o(.conststring) for .conststring
    fsl_os_abstraction_bm.o(i.OSA_MutexUnlock) refers to assert.o(.text) for __aeabi_assert
    fsl_os_abstraction_bm.o(i.OSA_MutexUnlock) refers to fsl_interrupt_manager.o(i.INT_SYS_DisableIRQGlobal) for INT_SYS_DisableIRQGlobal
    fsl_os_abstraction_bm.o(i.OSA_MutexUnlock) refers to fsl_interrupt_manager.o(i.INT_SYS_EnableIRQGlobal) for INT_SYS_EnableIRQGlobal
    fsl_os_abstraction_bm.o(i.OSA_MutexUnlock) refers to fsl_os_abstraction_bm.o(.conststring) for .conststring
    fsl_os_abstraction_bm.o(i.OSA_PollAllOtherTasks) refers to fsl_os_abstraction_bm.o(.data) for g_curTask
    fsl_os_abstraction_bm.o(i.OSA_PollAllOtherTasks) refers to fsl_os_abstraction_bm.o(.bss) for g_taskListHead
    fsl_os_abstraction_bm.o(i.OSA_SemaCreate) refers to assert.o(.text) for __aeabi_assert
    fsl_os_abstraction_bm.o(i.OSA_SemaCreate) refers to fsl_os_abstraction_bm.o(.conststring) for .conststring
    fsl_os_abstraction_bm.o(i.OSA_SemaDestroy) refers to assert.o(.text) for __aeabi_assert
    fsl_os_abstraction_bm.o(i.OSA_SemaDestroy) refers to fsl_os_abstraction_bm.o(.conststring) for .conststring
    fsl_os_abstraction_bm.o(i.OSA_SemaPost) refers to assert.o(.text) for __aeabi_assert
    fsl_os_abstraction_bm.o(i.OSA_SemaPost) refers to fsl_interrupt_manager.o(i.INT_SYS_DisableIRQGlobal) for INT_SYS_DisableIRQGlobal
    fsl_os_abstraction_bm.o(i.OSA_SemaPost) refers to fsl_interrupt_manager.o(i.INT_SYS_EnableIRQGlobal) for INT_SYS_EnableIRQGlobal
    fsl_os_abstraction_bm.o(i.OSA_SemaPost) refers to fsl_os_abstraction_bm.o(.conststring) for .conststring
    fsl_os_abstraction_bm.o(i.OSA_SemaWait) refers to assert.o(.text) for __aeabi_assert
    fsl_os_abstraction_bm.o(i.OSA_SemaWait) refers to fsl_interrupt_manager.o(i.INT_SYS_DisableIRQGlobal) for INT_SYS_DisableIRQGlobal
    fsl_os_abstraction_bm.o(i.OSA_SemaWait) refers to fsl_interrupt_manager.o(i.INT_SYS_EnableIRQGlobal) for INT_SYS_EnableIRQGlobal
    fsl_os_abstraction_bm.o(i.OSA_SemaWait) refers to fsl_os_abstraction_bm.o(i.OSA_TimeGetMsec) for OSA_TimeGetMsec
    fsl_os_abstraction_bm.o(i.OSA_SemaWait) refers to fsl_os_abstraction_bm.o(i.OSA_TimeDiff) for OSA_TimeDiff
    fsl_os_abstraction_bm.o(i.OSA_SemaWait) refers to fsl_os_abstraction_bm.o(.conststring) for .conststring
    fsl_os_abstraction_bm.o(i.OSA_Start) refers to fsl_os_abstraction_bm.o(.bss) for g_taskListHead
    fsl_os_abstraction_bm.o(i.OSA_Start) refers to fsl_os_abstraction_bm.o(.data) for g_curTask
    fsl_os_abstraction_bm.o(i.OSA_TaskCreate) refers to fsl_os_abstraction_bm.o(.data) for g_freeTaskControlBlock
    fsl_os_abstraction_bm.o(i.OSA_TaskCreate) refers to fsl_os_abstraction_bm.o(.bss) for g_taskListHead
    fsl_os_abstraction_bm.o(i.OSA_TaskDestroy) refers to assert.o(.text) for __aeabi_assert
    fsl_os_abstraction_bm.o(i.OSA_TaskDestroy) refers to fsl_os_abstraction_bm.o(.conststring) for .conststring
    fsl_os_abstraction_bm.o(i.OSA_TaskDestroy) refers to fsl_os_abstraction_bm.o(.data) for g_curTask
    fsl_os_abstraction_bm.o(i.OSA_TaskGetHandler) refers to fsl_os_abstraction_bm.o(.data) for g_curTask
    fsl_os_abstraction_bm.o(i.OSA_TimeDelay) refers to fsl_os_abstraction_bm.o(i.OSA_TimeGetMsec) for OSA_TimeGetMsec
    fsl_os_abstraction_bm.o(i.OSA_TimeDelay) refers to fsl_os_abstraction_bm.o(i.OSA_TimeDiff) for OSA_TimeDiff
    fsl_os_abstraction_bm.o(i.OSA_TimeGetMsec) refers to fsl_lptmr_hal.o(i.LPTMR_HAL_GetCounterValue) for LPTMR_HAL_GetCounterValue
    fsl_os_abstraction_bm.o(i.OSA_TimeInit) refers to fsl_lptmr_hal.o(i.LPTMR_HAL_SetPrescalerMode) for LPTMR_HAL_SetPrescalerMode
    fsl_os_abstraction_bm.o(i.OSA_TimeInit) refers to fsl_lptmr_hal.o(i.LPTMR_HAL_SetTimerWorkingMode) for LPTMR_HAL_SetTimerWorkingMode
    fsl_os_abstraction_bm.o(i.task_init) refers to fsl_os_abstraction_bm.o(.bss) for g_taskControlBlockPool
    fsl_os_abstraction_bm.o(i.task_init) refers to fsl_os_abstraction_bm.o(.data) for g_freeTaskControlBlock
    fsl_clock_mk64f12.o(i.CLOCK_SYS_DisableAdcClock) refers to assert.o(.text) for __aeabi_assert
    fsl_clock_mk64f12.o(i.CLOCK_SYS_DisableAdcClock) refers to fsl_clock_mk64f12.o(i.SIM_HAL_DisableClock) for SIM_HAL_DisableClock
    fsl_clock_mk64f12.o(i.CLOCK_SYS_DisableAdcClock) refers to fsl_clock_mk64f12.o(.conststring) for .conststring
    fsl_clock_mk64f12.o(i.CLOCK_SYS_DisableAdcClock) refers to fsl_clock_mk64f12.o(.constdata) for adcGateTable
    fsl_clock_mk64f12.o(i.CLOCK_SYS_DisableDacClock) refers to assert.o(.text) for __aeabi_assert
    fsl_clock_mk64f12.o(i.CLOCK_SYS_DisableDacClock) refers to fsl_clock_mk64f12.o(i.SIM_HAL_DisableClock) for SIM_HAL_DisableClock
    fsl_clock_mk64f12.o(i.CLOCK_SYS_DisableDacClock) refers to fsl_clock_mk64f12.o(.conststring) for .conststring
    fsl_clock_mk64f12.o(i.CLOCK_SYS_DisableDacClock) refers to fsl_clock_mk64f12.o(.constdata) for dacGateTable
    fsl_clock_mk64f12.o(i.CLOCK_SYS_DisableFtmClock) refers to assert.o(.text) for __aeabi_assert
    fsl_clock_mk64f12.o(i.CLOCK_SYS_DisableFtmClock) refers to fsl_clock_mk64f12.o(i.SIM_HAL_DisableClock) for SIM_HAL_DisableClock
    fsl_clock_mk64f12.o(i.CLOCK_SYS_DisableFtmClock) refers to fsl_clock_mk64f12.o(.conststring) for .conststring
    fsl_clock_mk64f12.o(i.CLOCK_SYS_DisableFtmClock) refers to fsl_clock_mk64f12.o(.constdata) for ftmGateTable
    fsl_clock_mk64f12.o(i.CLOCK_SYS_DisableI2cClock) refers to assert.o(.text) for __aeabi_assert
    fsl_clock_mk64f12.o(i.CLOCK_SYS_DisableI2cClock) refers to fsl_clock_mk64f12.o(i.SIM_HAL_DisableClock) for SIM_HAL_DisableClock
    fsl_clock_mk64f12.o(i.CLOCK_SYS_DisableI2cClock) refers to fsl_clock_mk64f12.o(.conststring) for .conststring
    fsl_clock_mk64f12.o(i.CLOCK_SYS_DisableI2cClock) refers to fsl_clock_mk64f12.o(.constdata) for i2cGateTable
    fsl_clock_mk64f12.o(i.CLOCK_SYS_DisablePortClock) refers to assert.o(.text) for __aeabi_assert
    fsl_clock_mk64f12.o(i.CLOCK_SYS_DisablePortClock) refers to fsl_clock_mk64f12.o(i.SIM_HAL_DisableClock) for SIM_HAL_DisableClock
    fsl_clock_mk64f12.o(i.CLOCK_SYS_DisablePortClock) refers to fsl_clock_mk64f12.o(.conststring) for .conststring
    fsl_clock_mk64f12.o(i.CLOCK_SYS_DisablePortClock) refers to fsl_clock_mk64f12.o(.constdata) for portGateTable
    fsl_clock_mk64f12.o(i.CLOCK_SYS_DisableSpiClock) refers to assert.o(.text) for __aeabi_assert
    fsl_clock_mk64f12.o(i.CLOCK_SYS_DisableSpiClock) refers to fsl_clock_mk64f12.o(i.SIM_HAL_DisableClock) for SIM_HAL_DisableClock
    fsl_clock_mk64f12.o(i.CLOCK_SYS_DisableSpiClock) refers to fsl_clock_mk64f12.o(.conststring) for .conststring
    fsl_clock_mk64f12.o(i.CLOCK_SYS_DisableSpiClock) refers to fsl_clock_mk64f12.o(.constdata) for spiGateTable
    fsl_clock_mk64f12.o(i.CLOCK_SYS_DisableUartClock) refers to assert.o(.text) for __aeabi_assert
    fsl_clock_mk64f12.o(i.CLOCK_SYS_DisableUartClock) refers to fsl_clock_mk64f12.o(i.SIM_HAL_DisableClock) for SIM_HAL_DisableClock
    fsl_clock_mk64f12.o(i.CLOCK_SYS_DisableUartClock) refers to fsl_clock_mk64f12.o(.conststring) for .conststring
    fsl_clock_mk64f12.o(i.CLOCK_SYS_DisableUartClock) refers to fsl_clock_mk64f12.o(.constdata) for uartGateTable
    fsl_clock_mk64f12.o(i.CLOCK_SYS_EnableAdcClock) refers to assert.o(.text) for __aeabi_assert
    fsl_clock_mk64f12.o(i.CLOCK_SYS_EnableAdcClock) refers to fsl_clock_mk64f12.o(i.SIM_HAL_EnableClock) for SIM_HAL_EnableClock
    fsl_clock_mk64f12.o(i.CLOCK_SYS_EnableAdcClock) refers to fsl_clock_mk64f12.o(.conststring) for .conststring
    fsl_clock_mk64f12.o(i.CLOCK_SYS_EnableAdcClock) refers to fsl_clock_mk64f12.o(.constdata) for adcGateTable
    fsl_clock_mk64f12.o(i.CLOCK_SYS_EnableDacClock) refers to assert.o(.text) for __aeabi_assert
    fsl_clock_mk64f12.o(i.CLOCK_SYS_EnableDacClock) refers to fsl_clock_mk64f12.o(i.SIM_HAL_EnableClock) for SIM_HAL_EnableClock
    fsl_clock_mk64f12.o(i.CLOCK_SYS_EnableDacClock) refers to fsl_clock_mk64f12.o(.conststring) for .conststring
    fsl_clock_mk64f12.o(i.CLOCK_SYS_EnableDacClock) refers to fsl_clock_mk64f12.o(.constdata) for dacGateTable
    fsl_clock_mk64f12.o(i.CLOCK_SYS_EnableFtmClock) refers to assert.o(.text) for __aeabi_assert
    fsl_clock_mk64f12.o(i.CLOCK_SYS_EnableFtmClock) refers to fsl_clock_mk64f12.o(i.SIM_HAL_EnableClock) for SIM_HAL_EnableClock
    fsl_clock_mk64f12.o(i.CLOCK_SYS_EnableFtmClock) refers to fsl_clock_mk64f12.o(.conststring) for .conststring
    fsl_clock_mk64f12.o(i.CLOCK_SYS_EnableFtmClock) refers to fsl_clock_mk64f12.o(.constdata) for ftmGateTable
    fsl_clock_mk64f12.o(i.CLOCK_SYS_EnableI2cClock) refers to assert.o(.text) for __aeabi_assert
    fsl_clock_mk64f12.o(i.CLOCK_SYS_EnableI2cClock) refers to fsl_clock_mk64f12.o(i.SIM_HAL_EnableClock) for SIM_HAL_EnableClock
    fsl_clock_mk64f12.o(i.CLOCK_SYS_EnableI2cClock) refers to fsl_clock_mk64f12.o(.conststring) for .conststring
    fsl_clock_mk64f12.o(i.CLOCK_SYS_EnableI2cClock) refers to fsl_clock_mk64f12.o(.constdata) for i2cGateTable
    fsl_clock_mk64f12.o(i.CLOCK_SYS_EnablePortClock) refers to assert.o(.text) for __aeabi_assert
    fsl_clock_mk64f12.o(i.CLOCK_SYS_EnablePortClock) refers to fsl_clock_mk64f12.o(i.SIM_HAL_EnableClock) for SIM_HAL_EnableClock
    fsl_clock_mk64f12.o(i.CLOCK_SYS_EnablePortClock) refers to fsl_clock_mk64f12.o(.conststring) for .conststring
    fsl_clock_mk64f12.o(i.CLOCK_SYS_EnablePortClock) refers to fsl_clock_mk64f12.o(.constdata) for portGateTable
    fsl_clock_mk64f12.o(i.CLOCK_SYS_EnableSpiClock) refers to assert.o(.text) for __aeabi_assert
    fsl_clock_mk64f12.o(i.CLOCK_SYS_EnableSpiClock) refers to fsl_clock_mk64f12.o(i.SIM_HAL_EnableClock) for SIM_HAL_EnableClock
    fsl_clock_mk64f12.o(i.CLOCK_SYS_EnableSpiClock) refers to fsl_clock_mk64f12.o(.conststring) for .conststring
    fsl_clock_mk64f12.o(i.CLOCK_SYS_EnableSpiClock) refers to fsl_clock_mk64f12.o(.constdata) for spiGateTable
    fsl_clock_mk64f12.o(i.CLOCK_SYS_EnableUartClock) refers to assert.o(.text) for __aeabi_assert
    fsl_clock_mk64f12.o(i.CLOCK_SYS_EnableUartClock) refers to fsl_clock_mk64f12.o(i.SIM_HAL_EnableClock) for SIM_HAL_EnableClock
    fsl_clock_mk64f12.o(i.CLOCK_SYS_EnableUartClock) refers to fsl_clock_mk64f12.o(.conststring) for .conststring
    fsl_clock_mk64f12.o(i.CLOCK_SYS_EnableUartClock) refers to fsl_clock_mk64f12.o(.constdata) for uartGateTable
    fsl_clock_mk64f12.o(i.CLOCK_SYS_FllStableDelay) refers to fsl_clock_mk64f12.o(i.CLOCK_SYS_GetCoreClockFreq) for CLOCK_SYS_GetCoreClockFreq
    fsl_clock_mk64f12.o(i.CLOCK_SYS_GetAdcGateCmd) refers to assert.o(.text) for __aeabi_assert
    fsl_clock_mk64f12.o(i.CLOCK_SYS_GetAdcGateCmd) refers to fsl_clock_mk64f12.o(i.SIM_HAL_GetGateCmd) for SIM_HAL_GetGateCmd
    fsl_clock_mk64f12.o(i.CLOCK_SYS_GetAdcGateCmd) refers to fsl_clock_mk64f12.o(.conststring) for .conststring
    fsl_clock_mk64f12.o(i.CLOCK_SYS_GetAdcGateCmd) refers to fsl_clock_mk64f12.o(.constdata) for adcGateTable
    fsl_clock_mk64f12.o(i.CLOCK_SYS_GetBusClockFreq) refers to fsl_mcg_hal.o(i.CLOCK_HAL_GetOutClk) for CLOCK_HAL_GetOutClk
    fsl_clock_mk64f12.o(i.CLOCK_SYS_GetCoreClockFreq) refers to fsl_mcg_hal.o(i.CLOCK_HAL_GetOutClk) for CLOCK_HAL_GetOutClk
    fsl_clock_mk64f12.o(i.CLOCK_SYS_GetDacGateCmd) refers to assert.o(.text) for __aeabi_assert
    fsl_clock_mk64f12.o(i.CLOCK_SYS_GetDacGateCmd) refers to fsl_clock_mk64f12.o(i.SIM_HAL_GetGateCmd) for SIM_HAL_GetGateCmd
    fsl_clock_mk64f12.o(i.CLOCK_SYS_GetDacGateCmd) refers to fsl_clock_mk64f12.o(.conststring) for .conststring
    fsl_clock_mk64f12.o(i.CLOCK_SYS_GetDacGateCmd) refers to fsl_clock_mk64f12.o(.constdata) for dacGateTable
    fsl_clock_mk64f12.o(i.CLOCK_SYS_GetEnetRmiiFreq) refers to fsl_clock_mk64f12.o(i.CLOCK_SYS_GetOsc0ExternalRefClockFreq) for CLOCK_SYS_GetOsc0ExternalRefClockFreq
    fsl_clock_mk64f12.o(i.CLOCK_SYS_GetEnetRmiiFreq) refers to fsl_clock_mk64f12.o(.data) for g_enet1588ClkInFreq
    fsl_clock_mk64f12.o(i.CLOCK_SYS_GetEnetTimeStampFreq) refers to fsl_clock_mk64f12.o(i.CLOCK_SYS_GetCoreClockFreq) for CLOCK_SYS_GetCoreClockFreq
    fsl_clock_mk64f12.o(i.CLOCK_SYS_GetEnetTimeStampFreq) refers to fsl_clock_mk64f12.o(i.CLOCK_SYS_GetPllFllClockFreq) for CLOCK_SYS_GetPllFllClockFreq
    fsl_clock_mk64f12.o(i.CLOCK_SYS_GetEnetTimeStampFreq) refers to fsl_clock_mk64f12.o(i.CLOCK_SYS_GetOsc0ExternalRefClockFreq) for CLOCK_SYS_GetOsc0ExternalRefClockFreq
    fsl_clock_mk64f12.o(i.CLOCK_SYS_GetEnetTimeStampFreq) refers to fsl_clock_mk64f12.o(.data) for g_enet1588ClkInFreq
    fsl_clock_mk64f12.o(i.CLOCK_SYS_GetExternalRefClock32kFreq) refers to fsl_mcg_hal.o(.data) for g_xtal0ClkFreq
    fsl_clock_mk64f12.o(i.CLOCK_SYS_GetFlashClockFreq) refers to fsl_mcg_hal.o(i.CLOCK_HAL_GetOutClk) for CLOCK_HAL_GetOutClk
    fsl_clock_mk64f12.o(i.CLOCK_SYS_GetFlexbusFreq) refers to fsl_mcg_hal.o(i.CLOCK_HAL_GetOutClk) for CLOCK_HAL_GetOutClk
    fsl_clock_mk64f12.o(i.CLOCK_SYS_GetFlexcanFreq) refers to fsl_clock_mk64f12.o(i.CLOCK_SYS_GetOsc0ExternalRefClockFreq) for CLOCK_SYS_GetOsc0ExternalRefClockFreq
    fsl_clock_mk64f12.o(i.CLOCK_SYS_GetFlexcanFreq) refers to fsl_clock_mk64f12.o(i.CLOCK_SYS_GetBusClockFreq) for CLOCK_SYS_GetBusClockFreq
    fsl_clock_mk64f12.o(i.CLOCK_SYS_GetFreq) refers to fsl_clock_mk64f12.o(i.CLOCK_SYS_GetCoreClockFreq) for CLOCK_SYS_GetCoreClockFreq
    fsl_clock_mk64f12.o(i.CLOCK_SYS_GetFreq) refers to fsl_clock_mk64f12.o(i.CLOCK_SYS_GetSystemClockFreq) for CLOCK_SYS_GetSystemClockFreq
    fsl_clock_mk64f12.o(i.CLOCK_SYS_GetFreq) refers to fsl_clock_mk64f12.o(i.CLOCK_SYS_GetBusClockFreq) for CLOCK_SYS_GetBusClockFreq
    fsl_clock_mk64f12.o(i.CLOCK_SYS_GetFreq) refers to fsl_clock_mk64f12.o(i.CLOCK_SYS_GetFlexbusFreq) for CLOCK_SYS_GetFlexbusFreq
    fsl_clock_mk64f12.o(i.CLOCK_SYS_GetFreq) refers to fsl_clock_mk64f12.o(i.CLOCK_SYS_GetFlashClockFreq) for CLOCK_SYS_GetFlashClockFreq
    fsl_clock_mk64f12.o(i.CLOCK_SYS_GetFreq) refers to fsl_clock_mk64f12.o(i.CLOCK_SYS_GetExternalRefClock32kFreq) for CLOCK_SYS_GetExternalRefClock32kFreq
    fsl_clock_mk64f12.o(i.CLOCK_SYS_GetFreq) refers to fsl_clock_mk64f12.o(i.CLOCK_SYS_GetOsc0ExternalRefClockFreq) for CLOCK_SYS_GetOsc0ExternalRefClockFreq
    fsl_clock_mk64f12.o(i.CLOCK_SYS_GetFreq) refers to fsl_clock_mk64f12.o(i.CLOCK_SYS_GetRtcOutFreq) for CLOCK_SYS_GetRtcOutFreq
    fsl_clock_mk64f12.o(i.CLOCK_SYS_GetFreq) refers to fsl_mcg_hal.o(i.CLOCK_HAL_GetFixedFreqClk) for CLOCK_HAL_GetFixedFreqClk
    fsl_clock_mk64f12.o(i.CLOCK_SYS_GetFreq) refers to fsl_mcg_hal.o(i.CLOCK_HAL_GetFllClk) for CLOCK_HAL_GetFllClk
    fsl_clock_mk64f12.o(i.CLOCK_SYS_GetFreq) refers to fsl_mcg_hal.o(i.CLOCK_HAL_GetPll0Clk) for CLOCK_HAL_GetPll0Clk
    fsl_clock_mk64f12.o(i.CLOCK_SYS_GetFreq) refers to fsl_mcg_hal.o(i.CLOCK_HAL_GetOutClk) for CLOCK_HAL_GetOutClk
    fsl_clock_mk64f12.o(i.CLOCK_SYS_GetFreq) refers to fsl_mcg_hal.o(i.CLOCK_HAL_GetInternalRefClk) for CLOCK_HAL_GetInternalRefClk
    fsl_clock_mk64f12.o(i.CLOCK_SYS_GetFtmExternalFreq) refers to fsl_sim_hal_mk64f12.o(i.SIM_HAL_GetFtmExternalClkPinMode) for SIM_HAL_GetFtmExternalClkPinMode
    fsl_clock_mk64f12.o(i.CLOCK_SYS_GetFtmExternalFreq) refers to fsl_clock_mk64f12.o(.data) for g_ftmClkFreq
    fsl_clock_mk64f12.o(i.CLOCK_SYS_GetFtmGateCmd) refers to assert.o(.text) for __aeabi_assert
    fsl_clock_mk64f12.o(i.CLOCK_SYS_GetFtmGateCmd) refers to fsl_clock_mk64f12.o(i.SIM_HAL_GetGateCmd) for SIM_HAL_GetGateCmd
    fsl_clock_mk64f12.o(i.CLOCK_SYS_GetFtmGateCmd) refers to fsl_clock_mk64f12.o(.conststring) for .conststring
    fsl_clock_mk64f12.o(i.CLOCK_SYS_GetFtmGateCmd) refers to fsl_clock_mk64f12.o(.constdata) for ftmGateTable
    fsl_clock_mk64f12.o(i.CLOCK_SYS_GetI2cGateCmd) refers to assert.o(.text) for __aeabi_assert
    fsl_clock_mk64f12.o(i.CLOCK_SYS_GetI2cGateCmd) refers to fsl_clock_mk64f12.o(i.SIM_HAL_GetGateCmd) for SIM_HAL_GetGateCmd
    fsl_clock_mk64f12.o(i.CLOCK_SYS_GetI2cGateCmd) refers to fsl_clock_mk64f12.o(.conststring) for .conststring
    fsl_clock_mk64f12.o(i.CLOCK_SYS_GetI2cGateCmd) refers to fsl_clock_mk64f12.o(.constdata) for i2cGateTable
    fsl_clock_mk64f12.o(i.CLOCK_SYS_GetLptmrFreq) refers to fsl_mcg_hal.o(i.CLOCK_HAL_GetInternalRefClk) for CLOCK_HAL_GetInternalRefClk
    fsl_clock_mk64f12.o(i.CLOCK_SYS_GetLptmrFreq) refers to fsl_clock_mk64f12.o(i.CLOCK_SYS_GetExternalRefClock32kFreq) for CLOCK_SYS_GetExternalRefClock32kFreq
    fsl_clock_mk64f12.o(i.CLOCK_SYS_GetLptmrFreq) refers to fsl_clock_mk64f12.o(i.CLOCK_SYS_GetOsc0ExternalRefClockFreq) for CLOCK_SYS_GetOsc0ExternalRefClockFreq
    fsl_clock_mk64f12.o(i.CLOCK_SYS_GetOsc0ExternalRefClockFreq) refers to fsl_clock_manager_common.o(.constdata) for g_oscBase
    fsl_clock_mk64f12.o(i.CLOCK_SYS_GetOsc0ExternalRefClockFreq) refers to fsl_mcg_hal.o(.data) for g_xtal0ClkFreq
    fsl_clock_mk64f12.o(i.CLOCK_SYS_GetPllFllClockFreq) refers to fsl_mcg_hal.o(i.CLOCK_HAL_GetFllClk) for CLOCK_HAL_GetFllClk
    fsl_clock_mk64f12.o(i.CLOCK_SYS_GetPllFllClockFreq) refers to fsl_mcg_hal.o(i.CLOCK_HAL_GetPll0Clk) for CLOCK_HAL_GetPll0Clk
    fsl_clock_mk64f12.o(i.CLOCK_SYS_GetPortFilterFreq) refers to fsl_clock_mk64f12.o(i.CLOCK_SYS_GetBusClockFreq) for CLOCK_SYS_GetBusClockFreq
    fsl_clock_mk64f12.o(i.CLOCK_SYS_GetPortGateCmd) refers to assert.o(.text) for __aeabi_assert
    fsl_clock_mk64f12.o(i.CLOCK_SYS_GetPortGateCmd) refers to fsl_clock_mk64f12.o(i.SIM_HAL_GetGateCmd) for SIM_HAL_GetGateCmd
    fsl_clock_mk64f12.o(i.CLOCK_SYS_GetPortGateCmd) refers to fsl_clock_mk64f12.o(.conststring) for .conststring
    fsl_clock_mk64f12.o(i.CLOCK_SYS_GetPortGateCmd) refers to fsl_clock_mk64f12.o(.constdata) for portGateTable
    fsl_clock_mk64f12.o(i.CLOCK_SYS_GetRtcOutFreq) refers to fsl_mcg_hal.o(.data) for g_xtalRtcClkFreq
    fsl_clock_mk64f12.o(i.CLOCK_SYS_GetSaiFreq) refers to fsl_mcg_hal.o(i.CLOCK_HAL_GetPll0Clk) for CLOCK_HAL_GetPll0Clk
    fsl_clock_mk64f12.o(i.CLOCK_SYS_GetSaiFreq) refers to fsl_clock_mk64f12.o(i.CLOCK_SYS_GetOsc0ExternalRefClockFreq) for CLOCK_SYS_GetOsc0ExternalRefClockFreq
    fsl_clock_mk64f12.o(i.CLOCK_SYS_GetSaiFreq) refers to fsl_clock_mk64f12.o(i.CLOCK_SYS_GetSystemClockFreq) for CLOCK_SYS_GetSystemClockFreq
    fsl_clock_mk64f12.o(i.CLOCK_SYS_GetSdhcFreq) refers to fsl_clock_mk64f12.o(i.CLOCK_SYS_GetCoreClockFreq) for CLOCK_SYS_GetCoreClockFreq
    fsl_clock_mk64f12.o(i.CLOCK_SYS_GetSdhcFreq) refers to fsl_clock_mk64f12.o(i.CLOCK_SYS_GetPllFllClockFreq) for CLOCK_SYS_GetPllFllClockFreq
    fsl_clock_mk64f12.o(i.CLOCK_SYS_GetSdhcFreq) refers to fsl_clock_mk64f12.o(i.CLOCK_SYS_GetOsc0ExternalRefClockFreq) for CLOCK_SYS_GetOsc0ExternalRefClockFreq
    fsl_clock_mk64f12.o(i.CLOCK_SYS_GetSdhcFreq) refers to fsl_clock_mk64f12.o(.data) for g_sdhcClkInFreq
    fsl_clock_mk64f12.o(i.CLOCK_SYS_GetSpiGateCmd) refers to assert.o(.text) for __aeabi_assert
    fsl_clock_mk64f12.o(i.CLOCK_SYS_GetSpiGateCmd) refers to fsl_clock_mk64f12.o(i.SIM_HAL_GetGateCmd) for SIM_HAL_GetGateCmd
    fsl_clock_mk64f12.o(i.CLOCK_SYS_GetSpiGateCmd) refers to fsl_clock_mk64f12.o(.conststring) for .conststring
    fsl_clock_mk64f12.o(i.CLOCK_SYS_GetSpiGateCmd) refers to fsl_clock_mk64f12.o(.constdata) for spiGateTable
    fsl_clock_mk64f12.o(i.CLOCK_SYS_GetSystemClockFreq) refers to fsl_mcg_hal.o(i.CLOCK_HAL_GetOutClk) for CLOCK_HAL_GetOutClk
    fsl_clock_mk64f12.o(i.CLOCK_SYS_GetTraceFreq) refers to fsl_mcg_hal.o(i.CLOCK_HAL_GetOutClk) for CLOCK_HAL_GetOutClk
    fsl_clock_mk64f12.o(i.CLOCK_SYS_GetTraceFreq) refers to fsl_clock_mk64f12.o(i.CLOCK_SYS_GetCoreClockFreq) for CLOCK_SYS_GetCoreClockFreq
    fsl_clock_mk64f12.o(i.CLOCK_SYS_GetUartFreq) refers to fsl_clock_mk64f12.o(i.CLOCK_SYS_GetSystemClockFreq) for CLOCK_SYS_GetSystemClockFreq
    fsl_clock_mk64f12.o(i.CLOCK_SYS_GetUartFreq) refers to fsl_clock_mk64f12.o(i.CLOCK_SYS_GetBusClockFreq) for CLOCK_SYS_GetBusClockFreq
    fsl_clock_mk64f12.o(i.CLOCK_SYS_GetUartGateCmd) refers to assert.o(.text) for __aeabi_assert
    fsl_clock_mk64f12.o(i.CLOCK_SYS_GetUartGateCmd) refers to fsl_clock_mk64f12.o(i.SIM_HAL_GetGateCmd) for SIM_HAL_GetGateCmd
    fsl_clock_mk64f12.o(i.CLOCK_SYS_GetUartGateCmd) refers to fsl_clock_mk64f12.o(.conststring) for .conststring
    fsl_clock_mk64f12.o(i.CLOCK_SYS_GetUartGateCmd) refers to fsl_clock_mk64f12.o(.constdata) for uartGateTable
    fsl_clock_mk64f12.o(i.CLOCK_SYS_GetUsbfsFreq) refers to fsl_clock_mk64f12.o(i.CLOCK_SYS_GetPllFllClockFreq) for CLOCK_SYS_GetPllFllClockFreq
    fsl_clock_mk64f12.o(i.CLOCK_SYS_GetUsbfsFreq) refers to fsl_sim_hal_mk64f12.o(i.CLOCK_HAL_GetUsbfsDiv) for CLOCK_HAL_GetUsbfsDiv
    fsl_clock_mk64f12.o(i.CLOCK_SYS_GetUsbfsFreq) refers to fsl_clock_mk64f12.o(.data) for g_usbClkInFreq
    fsl_clock_mk64f12.o(i.CLOCK_SYS_GetWdogFreq) refers to fsl_clock_mk64f12.o(i.CLOCK_SYS_GetBusClockFreq) for CLOCK_SYS_GetBusClockFreq
    fsl_clock_mk64f12.o(i.CLOCK_SYS_SetConfiguration) refers to assert.o(.text) for __aeabi_assert
    fsl_clock_mk64f12.o(i.CLOCK_SYS_SetConfiguration) refers to fsl_sim_hal_mk64f12.o(i.CLOCK_HAL_SetOutDiv) for CLOCK_HAL_SetOutDiv
    fsl_clock_mk64f12.o(i.CLOCK_SYS_SetConfiguration) refers to fsl_clock_manager.o(i.CLOCK_SYS_SetMcgMode) for CLOCK_SYS_SetMcgMode
    fsl_clock_mk64f12.o(i.CLOCK_SYS_SetConfiguration) refers to fsl_clock_mk64f12.o(i.CLOCK_SYS_SetSimConfigration) for CLOCK_SYS_SetSimConfigration
    fsl_clock_mk64f12.o(i.CLOCK_SYS_SetConfiguration) refers to fsl_clock_manager.o(i.CLOCK_SYS_SetOscerConfigration) for CLOCK_SYS_SetOscerConfigration
    fsl_clock_mk64f12.o(i.CLOCK_SYS_SetConfiguration) refers to fsl_clock_mk64f12.o(i.CLOCK_SYS_GetCoreClockFreq) for CLOCK_SYS_GetCoreClockFreq
    fsl_clock_mk64f12.o(i.CLOCK_SYS_SetConfiguration) refers to fsl_clock_mk64f12.o(.conststring) for .conststring
    fsl_clock_mk64f12.o(i.CLOCK_SYS_SetConfiguration) refers to fsl_clock_mk64f12.o(i.CLOCK_SYS_FllStableDelay) for CLOCK_SYS_FllStableDelay
    fsl_clock_mk64f12.o(i.CLOCK_SYS_SetConfiguration) refers to system_mk64f12.o(.data) for SystemCoreClock
    fsl_clock_mk64f12.o(i.CLOCK_SYS_SetSimConfigration) refers to fsl_sim_hal_mk64f12.o(i.CLOCK_HAL_SetOutDiv) for CLOCK_HAL_SetOutDiv
    fsl_clock_manager.o(i.CLOCK_SYS_GetCurrentConfiguration) refers to fsl_clock_manager.o(.bss) for g_clockState
    fsl_clock_manager.o(i.CLOCK_SYS_GetErrorCallback) refers to fsl_clock_manager.o(.bss) for g_clockState
    fsl_clock_manager.o(i.CLOCK_SYS_Init) refers to assert.o(.text) for __aeabi_assert
    fsl_clock_manager.o(i.CLOCK_SYS_Init) refers to fsl_clock_manager.o(.conststring) for .conststring
    fsl_clock_manager.o(i.CLOCK_SYS_Init) refers to fsl_clock_manager.o(.bss) for g_clockState
    fsl_clock_manager.o(i.CLOCK_SYS_OscDeinit) refers to assert.o(.text) for __aeabi_assert
    fsl_clock_manager.o(i.CLOCK_SYS_OscDeinit) refers to fsl_clock_manager.o(i.OSC_HAL_SetExternalRefClkInStopModeCmd) for OSC_HAL_SetExternalRefClkInStopModeCmd
    fsl_clock_manager.o(i.CLOCK_SYS_OscDeinit) refers to fsl_clock_manager.o(i.OSC_HAL_SetExternalRefClkCmd) for OSC_HAL_SetExternalRefClkCmd
    fsl_clock_manager.o(i.CLOCK_SYS_OscDeinit) refers to fsl_mcg_hal.o(i.CLOCK_HAL_SetOsc0Mode) for CLOCK_HAL_SetOsc0Mode
    fsl_clock_manager.o(i.CLOCK_SYS_OscDeinit) refers to fsl_clock_manager.o(.conststring) for .conststring
    fsl_clock_manager.o(i.CLOCK_SYS_OscDeinit) refers to fsl_clock_manager_common.o(.constdata) for g_oscBase
    fsl_clock_manager.o(i.CLOCK_SYS_OscDeinit) refers to fsl_mcg_hal.o(.data) for g_xtal0ClkFreq
    fsl_clock_manager.o(i.CLOCK_SYS_OscInit) refers to assert.o(.text) for __aeabi_assert
    fsl_clock_manager.o(i.CLOCK_SYS_OscInit) refers to fsl_osc_hal.o(i.OSC_HAL_SetCapacitor) for OSC_HAL_SetCapacitor
    fsl_clock_manager.o(i.CLOCK_SYS_OscInit) refers to fsl_clock_manager.o(i.CLOCK_SYS_SetOscerConfigration) for CLOCK_SYS_SetOscerConfigration
    fsl_clock_manager.o(i.CLOCK_SYS_OscInit) refers to fsl_mcg_hal.o(i.CLOCK_HAL_SetOsc0Mode) for CLOCK_HAL_SetOsc0Mode
    fsl_clock_manager.o(i.CLOCK_SYS_OscInit) refers to fsl_clock_manager.o(.conststring) for .conststring
    fsl_clock_manager.o(i.CLOCK_SYS_OscInit) refers to fsl_clock_manager_common.o(.constdata) for g_oscBase
    fsl_clock_manager.o(i.CLOCK_SYS_OscInit) refers to fsl_mcg_hal.o(.data) for g_xtal0ClkFreq
    fsl_clock_manager.o(i.CLOCK_SYS_RtcOscDeinit) refers to assert.o(.text) for __aeabi_assert
    fsl_clock_manager.o(i.CLOCK_SYS_RtcOscDeinit) refers to fsl_clock_manager.o(i.RTC_HAL_SetOscillatorCmd) for RTC_HAL_SetOscillatorCmd
    fsl_clock_manager.o(i.CLOCK_SYS_RtcOscDeinit) refers to fsl_clock_manager.o(.conststring) for .conststring
    fsl_clock_manager.o(i.CLOCK_SYS_RtcOscDeinit) refers to fsl_rtc_common.o(.constdata) for g_rtcBase
    fsl_clock_manager.o(i.CLOCK_SYS_RtcOscInit) refers to assert.o(.text) for __aeabi_assert
    fsl_clock_manager.o(i.CLOCK_SYS_RtcOscInit) refers to fsl_clock_manager.o(i.RTC_HAL_SetOscillatorCmd) for RTC_HAL_SetOscillatorCmd
    fsl_clock_manager.o(i.CLOCK_SYS_RtcOscInit) refers to fsl_clock_manager.o(.conststring) for .conststring
    fsl_clock_manager.o(i.CLOCK_SYS_RtcOscInit) refers to fsl_rtc_common.o(.constdata) for g_rtcBase
    fsl_clock_manager.o(i.CLOCK_SYS_RtcOscInit) refers to fsl_mcg_hal.o(.data) for g_xtalRtcClkFreq
    fsl_clock_manager.o(i.CLOCK_SYS_SetMcgMode) refers to fsl_mcg_hal_modes.o(i.CLOCK_HAL_GetMcgMode) for CLOCK_HAL_GetMcgMode
    fsl_clock_manager.o(i.CLOCK_SYS_SetMcgMode) refers to fsl_clock_manager.o(i.CLOCK_SYS_SetMcgPeeToFbe) for CLOCK_SYS_SetMcgPeeToFbe
    fsl_clock_manager.o(i.CLOCK_SYS_SetMcgMode) refers to fsl_mcg_hal_modes.o(i.CLOCK_HAL_SetFbiMode) for CLOCK_HAL_SetFbiMode
    fsl_clock_manager.o(i.CLOCK_SYS_SetMcgMode) refers to fsl_clock_manager.o(i.CLOCK_HAL_SetLowPowerModeCmd) for CLOCK_HAL_SetLowPowerModeCmd
    fsl_clock_manager.o(i.CLOCK_SYS_SetMcgMode) refers to fsl_mcg_hal_modes.o(i.CLOCK_HAL_SetFbeMode) for CLOCK_HAL_SetFbeMode
    fsl_clock_manager.o(i.CLOCK_SYS_SetMcgMode) refers to fsl_clock_manager.o(i.CLOCK_HAL_SetClkOutSrc) for CLOCK_HAL_SetClkOutSrc
    fsl_clock_manager.o(i.CLOCK_SYS_SetMcgMode) refers to fsl_clock_manager.o(i.CLOCK_HAL_GetClkOutStat) for CLOCK_HAL_GetClkOutStat
    fsl_clock_manager.o(i.CLOCK_SYS_SetMcgMode) refers to fsl_mcg_hal_modes.o(i.CLOCK_HAL_SetPbeMode) for CLOCK_HAL_SetPbeMode
    fsl_clock_manager.o(i.CLOCK_SYS_SetMcgMode) refers to fsl_mcg_hal.o(i.CLOCK_HAL_UpdateFastClkInternalRefDiv) for CLOCK_HAL_UpdateFastClkInternalRefDiv
    fsl_clock_manager.o(i.CLOCK_SYS_SetMcgMode) refers to fsl_mcg_hal.o(i.CLOCK_HAL_EnablePll0InFllMode) for CLOCK_HAL_EnablePll0InFllMode
    fsl_clock_manager.o(i.CLOCK_SYS_SetMcgPeeToFbe) refers to fsl_clock_manager.o(i.CLOCK_HAL_SetClkOutSrc) for CLOCK_HAL_SetClkOutSrc
    fsl_clock_manager.o(i.CLOCK_SYS_SetMcgPeeToFbe) refers to fsl_clock_manager.o(i.CLOCK_HAL_GetClkOutStat) for CLOCK_HAL_GetClkOutStat
    fsl_clock_manager.o(i.CLOCK_SYS_SetOscerConfigration) refers to fsl_clock_manager.o(i.OSC_HAL_SetExternalRefClkCmd) for OSC_HAL_SetExternalRefClkCmd
    fsl_clock_manager.o(i.CLOCK_SYS_SetOscerConfigration) refers to fsl_clock_manager.o(i.OSC_HAL_SetExternalRefClkInStopModeCmd) for OSC_HAL_SetExternalRefClkInStopModeCmd
    fsl_clock_manager.o(i.CLOCK_SYS_SetOscerConfigration) refers to fsl_clock_manager_common.o(.constdata) for g_oscBase
    fsl_clock_manager.o(i.CLOCK_SYS_UpdateConfiguration) refers to fsl_os_abstraction_bm.o(i.OSA_EnterCritical) for OSA_EnterCritical
    fsl_clock_manager.o(i.CLOCK_SYS_UpdateConfiguration) refers to fsl_clock_mk64f12.o(i.CLOCK_SYS_SetConfiguration) for CLOCK_SYS_SetConfiguration
    fsl_clock_manager.o(i.CLOCK_SYS_UpdateConfiguration) refers to fsl_os_abstraction_bm.o(i.OSA_ExitCritical) for OSA_ExitCritical
    fsl_clock_manager.o(i.CLOCK_SYS_UpdateConfiguration) refers to fsl_clock_manager.o(.bss) for g_clockState
    fsl_interrupt_manager.o(i.INT_SYS_DisableIRQGlobal) refers to fsl_interrupt_manager.o(.data) for g_interruptDisableCount
    fsl_interrupt_manager.o(i.INT_SYS_EnableIRQGlobal) refers to fsl_interrupt_manager.o(.data) for g_interruptDisableCount
    fsl_interrupt_manager.o(i.INT_SYS_InstallHandler) refers to assert.o(.text) for __aeabi_assert
    fsl_interrupt_manager.o(i.INT_SYS_InstallHandler) refers to fsl_interrupt_manager.o(.conststring) for .conststring
    fsl_debug_console.o(i.DbgConsole_DeInit) refers to fsl_clock_mk64f12.o(i.CLOCK_SYS_DisableUartClock) for CLOCK_SYS_DisableUartClock
    fsl_debug_console.o(i.DbgConsole_DeInit) refers to fsl_debug_console.o(.bss) for s_debugConsole
    fsl_debug_console.o(i.DbgConsole_Init) refers to rt_memcpy_w.o(.text) for __aeabi_memcpy4
    fsl_debug_console.o(i.DbgConsole_Init) refers to fsl_clock_mk64f12.o(i.CLOCK_SYS_EnableUartClock) for CLOCK_SYS_EnableUartClock
    fsl_debug_console.o(i.DbgConsole_Init) refers to fsl_clock_mk64f12.o(i.CLOCK_SYS_GetUartFreq) for CLOCK_SYS_GetUartFreq
    fsl_debug_console.o(i.DbgConsole_Init) refers to fsl_uart_hal.o(i.UART_HAL_SetBaudRate) for UART_HAL_SetBaudRate
    fsl_debug_console.o(i.DbgConsole_Init) refers to fsl_uart_hal.o(i.UART_HAL_SetParityMode) for UART_HAL_SetParityMode
    fsl_debug_console.o(i.DbgConsole_Init) refers to fsl_debug_console.o(.bss) for s_debugConsole
    fsl_debug_console.o(i.DbgConsole_Init) refers to fsl_debug_console.o(.constdata) for .constdata
    fsl_debug_console.o(i.DbgConsole_Init) refers to fsl_uart_hal.o(i.UART_HAL_SendDataPolling) for UART_HAL_SendDataPolling
    fsl_debug_console.o(i.DbgConsole_Init) refers to fsl_uart_hal.o(i.UART_HAL_ReceiveDataPolling) for UART_HAL_ReceiveDataPolling
    fsl_debug_console.o(i.debug_getchar) refers to fsl_debug_console.o(.bss) for s_debugConsole
    fsl_debug_console.o(i.debug_printf) refers to print_scan.o(i._doprint) for _doprint
    fsl_debug_console.o(i.debug_printf) refers to fsl_debug_console.o(.bss) for s_debugConsole
    fsl_debug_console.o(i.debug_printf) refers to fsl_debug_console.o(i.debug_putc) for debug_putc
    fsl_debug_console.o(i.debug_putc) refers to fsl_debug_console.o(.bss) for s_debugConsole
    fsl_debug_console.o(i.debug_putchar) refers to fsl_debug_console.o(i.debug_putc) for debug_putc
    fsl_debug_console.o(i.debug_putchar) refers to fsl_debug_console.o(.bss) for s_debugConsole
    fsl_debug_console.o(i.debug_scanf) refers to fsl_debug_console.o(i.debug_getchar) for debug_getchar
    fsl_debug_console.o(i.debug_scanf) refers to print_scan.o(i.scan_prv) for scan_prv
    fsl_debug_console.o(i.debug_scanf) refers to fsl_debug_console.o(.bss) for s_debugConsole
    fsl_debug_console.o(i.fgetc) refers to fsl_debug_console.o(.bss) for s_debugConsole
    fsl_debug_console.o(i.fputc) refers to fsl_debug_console.o(.bss) for s_debugConsole
    print_scan.o(i._doprint) refers to print_scan.o(i.mknumstr) for mknumstr
    print_scan.o(i._doprint) refers to print_scan.o(i.fput_pad) for fput_pad
    print_scan.o(i._doprint) refers to strlen.o(.text) for strlen
    print_scan.o(i.scan_prv) refers to print_scan.o(i.scan_ignore_white_space) for scan_ignore_white_space
    hardware_init.o(i.hardware_init) refers to fsl_clock_mk64f12.o(i.CLOCK_SYS_EnablePortClock) for CLOCK_SYS_EnablePortClock
    hardware_init.o(i.hardware_init) refers to board.o(i.BOARD_ClockInit) for BOARD_ClockInit
    hardware_init.o(i.hardware_init) refers to board.o(i.dbg_uart_init) for dbg_uart_init
    startup_mk64f12.o(RESET) refers to startup_mk64f12.o(.text) for Reset_Handler
    startup_mk64f12.o(RESET) refers to fsl_edma_irq.o(i.DMA0_IRQHandler) for DMA0_IRQHandler
    startup_mk64f12.o(RESET) refers to fsl_edma_irq.o(i.DMA1_IRQHandler) for DMA1_IRQHandler
    startup_mk64f12.o(RESET) refers to fsl_edma_irq.o(i.DMA2_IRQHandler) for DMA2_IRQHandler
    startup_mk64f12.o(RESET) refers to fsl_edma_irq.o(i.DMA3_IRQHandler) for DMA3_IRQHandler
    startup_mk64f12.o(RESET) refers to fsl_edma_irq.o(i.DMA4_IRQHandler) for DMA4_IRQHandler
    startup_mk64f12.o(RESET) refers to fsl_edma_irq.o(i.DMA5_IRQHandler) for DMA5_IRQHandler
    startup_mk64f12.o(RESET) refers to fsl_edma_irq.o(i.DMA6_IRQHandler) for DMA6_IRQHandler
    startup_mk64f12.o(RESET) refers to fsl_edma_irq.o(i.DMA7_IRQHandler) for DMA7_IRQHandler
    startup_mk64f12.o(RESET) refers to fsl_edma_irq.o(i.DMA8_IRQHandler) for DMA8_IRQHandler
    startup_mk64f12.o(RESET) refers to fsl_edma_irq.o(i.DMA9_IRQHandler) for DMA9_IRQHandler
    startup_mk64f12.o(RESET) refers to fsl_edma_irq.o(i.DMA10_IRQHandler) for DMA10_IRQHandler
    startup_mk64f12.o(RESET) refers to fsl_edma_irq.o(i.DMA11_IRQHandler) for DMA11_IRQHandler
    startup_mk64f12.o(RESET) refers to fsl_edma_irq.o(i.DMA12_IRQHandler) for DMA12_IRQHandler
    startup_mk64f12.o(RESET) refers to fsl_edma_irq.o(i.DMA13_IRQHandler) for DMA13_IRQHandler
    startup_mk64f12.o(RESET) refers to fsl_edma_irq.o(i.DMA14_IRQHandler) for DMA14_IRQHandler
    startup_mk64f12.o(RESET) refers to fsl_edma_irq.o(i.DMA15_IRQHandler) for DMA15_IRQHandler
    startup_mk64f12.o(RESET) refers to i2c_mk64f.o(i.I2C0_IRQHandler) for I2C0_IRQHandler
    startup_mk64f12.o(RESET) refers to i2c_mk64f.o(i.I2C1_IRQHandler) for I2C1_IRQHandler
    startup_mk64f12.o(RESET) refers to main.o(i.FTM0_IRQHandler) for FTM0_IRQHandler
    startup_mk64f12.o(RESET) refers to main.o(i.PIT0_IRQHandler) for PIT0_IRQHandler
    startup_mk64f12.o(RESET) refers to main.o(i.PORTB_IRQHandler) for PORTB_IRQHandler
    startup_mk64f12.o(RESET) refers to i2c_mk64f.o(i.I2C2_IRQHandler) for I2C2_IRQHandler
    startup_mk64f12.o(.text) refers to startup_mk64f12.o(FlashConfig) for FlashConfig
    startup_mk64f12.o(.text) refers to system_mk64f12.o(i.SystemInit) for SystemInit
    startup_mk64f12.o(.text) refers to startup.o(i.init_data_bss) for init_data_bss
    startup_mk64f12.o(.text) refers to __main.o(!!!main) for __main
    system_mk64f12.o(i.SystemCoreClockUpdate) refers to system_mk64f12.o(.data) for SystemCoreClock
    malloc.o(.text) refers (Special) to hguard.o(.text) for __heap$guard
    malloc.o(.text) refers (Special) to init_alloc.o(.text) for _init_alloc
    malloc.o(.text) refers to rt_heap_descriptor_intlibspace.o(.text) for __rt_heap_descriptor
    malloc.o(.text) refers to heapstubs.o(.text) for __Heap_Alloc
    free.o(.text) refers (Special) to hguard.o(.text) for __heap$guard
    free.o(.text) refers to rt_heap_descriptor_intlibspace.o(.text) for __rt_heap_descriptor
    free.o(.text) refers to heapstubs.o(.text) for __Heap_Free
    calloc.o(.text) refers to h1_alloc.o(.text) for malloc
    calloc.o(.text) refers to rt_memclr.o(.text) for __aeabi_memclr
    h1_alloc.o(.text) refers (Special) to h1_init.o(.text) for __Heap_Initialize
    h1_alloc.o(.text) refers to rt_heap_descriptor_intlibspace.o(.text) for __rt_heap_descriptor
    h1_alloc.o(.text) refers to init_alloc.o(.text) for __Heap_Full
    h1_free.o(.text) refers to rt_heap_descriptor_intlibspace.o(.text) for __rt_heap_descriptor
    h1_alloc_mt.o(.text) refers (Special) to h1_init.o(.text) for __Heap_Initialize
    h1_alloc_mt.o(.text) refers to init_alloc.o(.text) for __Heap_Full
    h1_alloc_mt.o(.text) refers to rt_heap_descriptor_intlibspace.o(.text) for __rt_heap_descriptor
    h1_free_mt.o(.text) refers to rt_heap_descriptor_intlibspace.o(.text) for __rt_heap_descriptor
    heap2.o(i._FDIterate) refers to heap2.o(.conststring) for .conststring
    heap2.o(i.___Heap_ProvideMemory$realtime) refers to fdtree.o(i._FDTree_Delete) for _FDTree_Delete
    heap2.o(i.___Heap_ProvideMemory$realtime) refers to fdtree.o(i._FDTree_Insert) for _FDTree_Insert
    heap2.o(i.___Heap_Stats$realtime) refers to heap2.o(i._Heap2_StatsIterate) for _Heap2_StatsIterate
    heap2.o(i.___Heap_Valid$realtime) refers to heap2.o(i._FDIterate) for _FDIterate
    heap2.o(i.___Heap_Valid$realtime) refers to heap2.o(.conststring) for .conststring
    heap2.o(i._free$realtime) refers to rt_heap_descriptor_intlibspace.o(.text) for __rt_heap_descriptor
    heap2.o(i._free$realtime) refers to fdtree.o(i._FDTree_Delete) for _FDTree_Delete
    heap2.o(i._free$realtime) refers to fdtree.o(i._FDTree_Insert) for _FDTree_Insert
    heap2.o(i._malloc$realtime) refers to rt_heap_descriptor_intlibspace.o(.text) for __rt_heap_descriptor
    heap2.o(i._malloc$realtime) refers to fdtree.o(i._FDTree_FindFirst) for _FDTree_FindFirst
    heap2.o(i._malloc$realtime) refers to init_alloc.o(.text) for __Heap_Full
    heap2.o(i._malloc$realtime) refers to fdtree.o(i._FDTree_RemoveNode) for _FDTree_RemoveNode
    heap2.o(i._malloc$realtime) refers to fdtree.o(i._FDTree_Insert) for _FDTree_Insert
    heap2.o(i._posix_memalign$realtime) refers to rt_heap_descriptor_intlibspace.o(.text) for __rt_heap_descriptor
    heap2.o(i._posix_memalign$realtime) refers to fdtree.o(i._FDTree_FindFirst) for _FDTree_FindFirst
    heap2.o(i._posix_memalign$realtime) refers to init_alloc.o(.text) for __Heap_Full
    heap2.o(i._posix_memalign$realtime) refers to fdtree.o(i._FDTree_RemoveNode) for _FDTree_RemoveNode
    heap2.o(i._posix_memalign$realtime) refers to fdtree.o(i._FDTree_Insert) for _FDTree_Insert
    heap2.o(i._realloc$realtime) refers to rt_heap_descriptor_intlibspace.o(.text) for __rt_heap_descriptor
    heap2.o(i._realloc$realtime) refers to fdtree.o(i._FDTree_Insert) for _FDTree_Insert
    heap2.o(i._realloc$realtime) refers to h1_free.o(.text) for free
    heap2.o(i._realloc$realtime) refers to h1_alloc.o(.text) for malloc
    heap2.o(i._realloc$realtime) refers to fdtree.o(i._FDTree_Delete) for _FDTree_Delete
    heap2.o(i._realloc$realtime) refers to rt_memcpy_w.o(.text) for __aeabi_memcpy4
    heap2mt.o(i._FDIterate) refers to heap2mt.o(.conststring) for .conststring
    heap2mt.o(i.___Heap_Initialize$realtime$concurrent) refers to mutex_dummy.o(.text) for _mutex_initialize
    heap2mt.o(i.___Heap_ProvideMemory$realtime$concurrent) refers to fdtree.o(i._FDTree_Delete) for _FDTree_Delete
    heap2mt.o(i.___Heap_ProvideMemory$realtime$concurrent) refers to fdtree.o(i._FDTree_Insert) for _FDTree_Insert
    heap2mt.o(i.___Heap_Stats$realtime$concurrent) refers to heap2mt.o(i._Heap2_StatsIterate) for _Heap2_StatsIterate
    heap2mt.o(i.___Heap_Valid$realtime$concurrent) refers to heap2mt.o(i._FDIterate) for _FDIterate
    heap2mt.o(i.___Heap_Valid$realtime$concurrent) refers to heap2mt.o(.conststring) for .conststring
    heap2mt.o(i._free$realtime$concurrent) refers to rt_heap_descriptor_intlibspace.o(.text) for __rt_heap_descriptor
    heap2mt.o(i._free$realtime$concurrent) refers to fdtree.o(i._FDTree_Delete) for _FDTree_Delete
    heap2mt.o(i._free$realtime$concurrent) refers to fdtree.o(i._FDTree_Insert) for _FDTree_Insert
    heap2mt.o(i._malloc$realtime$concurrent) refers to rt_heap_descriptor_intlibspace.o(.text) for __rt_heap_descriptor
    heap2mt.o(i._malloc$realtime$concurrent) refers to fdtree.o(i._FDTree_FindFirst) for _FDTree_FindFirst
    heap2mt.o(i._malloc$realtime$concurrent) refers to init_alloc.o(.text) for __Heap_Full
    heap2mt.o(i._malloc$realtime$concurrent) refers to fdtree.o(i._FDTree_RemoveNode) for _FDTree_RemoveNode
    heap2mt.o(i._malloc$realtime$concurrent) refers to fdtree.o(i._FDTree_Insert) for _FDTree_Insert
    heap2mt.o(i._posix_memalign$realtime$concurrent) refers to rt_heap_descriptor_intlibspace.o(.text) for __rt_heap_descriptor
    heap2mt.o(i._posix_memalign$realtime$concurrent) refers to fdtree.o(i._FDTree_FindFirst) for _FDTree_FindFirst
    heap2mt.o(i._posix_memalign$realtime$concurrent) refers to init_alloc.o(.text) for __Heap_Full
    heap2mt.o(i._posix_memalign$realtime$concurrent) refers to fdtree.o(i._FDTree_RemoveNode) for _FDTree_RemoveNode
    heap2mt.o(i._posix_memalign$realtime$concurrent) refers to fdtree.o(i._FDTree_Insert) for _FDTree_Insert
    heap2mt.o(i._realloc$realtime$concurrent) refers to rt_heap_descriptor_intlibspace.o(.text) for __rt_heap_descriptor
    heap2mt.o(i._realloc$realtime$concurrent) refers to fdtree.o(i._FDTree_Insert) for _FDTree_Insert
    heap2mt.o(i._realloc$realtime$concurrent) refers to h1_free.o(.text) for free
    heap2mt.o(i._realloc$realtime$concurrent) refers to h1_alloc.o(.text) for malloc
    heap2mt.o(i._realloc$realtime$concurrent) refers to fdtree.o(i._FDTree_Delete) for _FDTree_Delete
    heap2mt.o(i._realloc$realtime$concurrent) refers to rt_memcpy_w.o(.text) for __aeabi_memcpy4
    assert.o(.text) refers to assert_puts.o(.text) for __assert_puts
    assert.o(.text) refers to abort.o(.text) for abort
    rt_memclr.o(.text) refers to rt_memclr_w.o(.text) for _memset_w
    __main.o(!!!main) refers to __rtentry.o(.ARM.Collect$$rtentry$$00000000) for __rt_entry
    __rtentry.o(.ARM.Collect$$rtentry$$00000000) refers (Special) to __rtentry2.o(.ARM.Collect$$rtentry$$0000000A) for __rt_entry_li
    __rtentry.o(.ARM.Collect$$rtentry$$00000000) refers (Special) to __rtentry2.o(.ARM.Collect$$rtentry$$0000000D) for __rt_entry_main
    __rtentry.o(.ARM.Collect$$rtentry$$00000000) refers (Special) to __rtentry2.o(.ARM.Collect$$rtentry$$0000000C) for __rt_entry_postli_1
    __rtentry.o(.ARM.Collect$$rtentry$$00000000) refers (Special) to __rtentry2.o(.ARM.Collect$$rtentry$$00000009) for __rt_entry_postsh_1
    __rtentry.o(.ARM.Collect$$rtentry$$00000000) refers (Special) to __rtentry2.o(.ARM.Collect$$rtentry$$00000002) for __rt_entry_presh_1
    __rtentry.o(.ARM.Collect$$rtentry$$00000000) refers (Special) to __rtentry7.o(.ARM.Collect$$rtentry$$00000007) for __rt_entry_sh
    aeabi_ldiv0_sigfpe.o(.text) refers to rt_div0.o(.text) for __rt_div0
    rt_heap_descriptor.o(.text) refers to rt_heap_descriptor.o(.bss) for __rt_heap_descriptor_data
    rt_heap_descriptor_intlibspace.o(.text) refers to libspace.o(.bss) for __libspace_start
    init_alloc.o(.text) refers (Special) to hguard.o(.text) for __heap$guard
    init_alloc.o(.text) refers (Special) to libinit5.o(.ARM.Collect$$libinit$$00000008) for __rt_lib_init_heap_2
    init_alloc.o(.text) refers (Special) to maybetermalloc1.o(.emb_text) for _maybe_terminate_alloc
    init_alloc.o(.text) refers to h1_extend.o(.text) for __Heap_ProvideMemory
    init_alloc.o(.text) refers to defsig_rtmem_outer.o(.text) for __rt_SIGRTMEM
    init_alloc.o(.text) refers to rt_heap_descriptor_intlibspace.o(.text) for __rt_heap_descriptor
    init_alloc.o(.text) refers to h1_init.o(.text) for __Heap_Initialize
    h1_init_mt.o(.text) refers to mutex_dummy.o(.text) for _mutex_initialize
    abort.o(.text) refers to defsig_abrt_outer.o(.text) for __rt_SIGABRT
    abort.o(.text) refers (Weak) to libshutdown.o(.ARM.Collect$$libshutdown$$00000000) for __rt_lib_shutdown
    abort.o(.text) refers to sys_exit.o(.text) for _sys_exit
    assert_puts.o(.text) refers to sys_wrch.o(.text) for _ttywrch
    _get_argv.o(.text) refers (Special) to hrguard.o(.text) for __heap_region$guard
    _get_argv.o(.text) refers to h1_alloc.o(.text) for malloc
    _get_argv.o(.text) refers to defsig_rtmem_outer.o(.text) for __rt_SIGRTMEM
    _get_argv.o(.text) refers to sys_command.o(.text) for _sys_command_string
    libinit2.o(.ARM.Collect$$libinit$$00000001) refers to fpinit.o(x$fpl$fpinit) for _fp_init
    libinit2.o(.ARM.Collect$$libinit$$00000005) refers (Weak) to init_alloc.o(.text) for _init_alloc
    libinit2.o(.ARM.Collect$$libinit$$00000010) refers to libinit2.o(.ARM.Collect$$libinit$$0000000F) for .ARM.Collect$$libinit$$0000000F
    libinit2.o(.ARM.Collect$$libinit$$00000012) refers to libinit2.o(.ARM.Collect$$libinit$$0000000F) for .ARM.Collect$$libinit$$0000000F
    libinit2.o(.ARM.Collect$$libinit$$00000014) refers to libinit2.o(.ARM.Collect$$libinit$$0000000F) for .ARM.Collect$$libinit$$0000000F
    libinit2.o(.ARM.Collect$$libinit$$00000016) refers to libinit2.o(.ARM.Collect$$libinit$$0000000F) for .ARM.Collect$$libinit$$0000000F
    libinit2.o(.ARM.Collect$$libinit$$00000018) refers to libinit2.o(.ARM.Collect$$libinit$$0000000F) for .ARM.Collect$$libinit$$0000000F
    libinit2.o(.ARM.Collect$$libinit$$00000026) refers to argv_veneer.o(.emb_text) for __ARM_argv_veneer
    libinit2.o(.ARM.Collect$$libinit$$00000027) refers to argv_veneer.o(.emb_text) for __ARM_argv_veneer
    sys_wrch.o(.text) refers (Special) to use_no_semi.o(.text) for __I$use$semihosting
    sys_wrch.o(.text) refers (Special) to indicate_semi.o(.text) for __semihosting_library_function
    sys_command.o(.text) refers (Special) to use_no_semi.o(.text) for __I$use$semihosting
    sys_command.o(.text) refers (Special) to indicate_semi.o(.text) for __semihosting_library_function
    sys_exit.o(.text) refers (Special) to use_no_semi.o(.text) for __I$use$semihosting
    sys_exit.o(.text) refers (Special) to indicate_semi.o(.text) for __semihosting_library_function
    libspace.o(.text) refers to libspace.o(.bss) for __libspace_start
    __rtentry2.o(.ARM.Collect$$rtentry$$00000008) refers to boardinit2.o(.text) for _platform_post_stackheap_init
    __rtentry2.o(.ARM.Collect$$rtentry$$0000000A) refers to libinit.o(.ARM.Collect$$libinit$$00000000) for __rt_lib_init
    __rtentry2.o(.ARM.Collect$$rtentry$$0000000B) refers to boardinit3.o(.text) for _platform_post_lib_init
    __rtentry2.o(.ARM.Collect$$rtentry$$0000000D) refers to main.o(i.main) for main
    __rtentry2.o(.ARM.Collect$$rtentry$$0000000D) refers to exit.o(.text) for exit
    __rtentry2.o(.ARM.exidx) refers to __rtentry2.o(.ARM.Collect$$rtentry$$00000001) for .ARM.Collect$$rtentry$$00000001
    __rtentry2.o(.ARM.exidx) refers to __rtentry2.o(.ARM.Collect$$rtentry$$00000008) for .ARM.Collect$$rtentry$$00000008
    __rtentry2.o(.ARM.exidx) refers to __rtentry2.o(.ARM.Collect$$rtentry$$0000000A) for .ARM.Collect$$rtentry$$0000000A
    __rtentry2.o(.ARM.exidx) refers to __rtentry2.o(.ARM.Collect$$rtentry$$0000000B) for .ARM.Collect$$rtentry$$0000000B
    __rtentry2.o(.ARM.exidx) refers to __rtentry2.o(.ARM.Collect$$rtentry$$0000000D) for .ARM.Collect$$rtentry$$0000000D
    __rtentry4.o(.ARM.Collect$$rtentry$$00000004) refers to sys_stackheap_outer.o(.text) for __user_setup_stackheap
    __rtentry4.o(.ARM.exidx) refers to __rtentry4.o(.ARM.Collect$$rtentry$$00000004) for .ARM.Collect$$rtentry$$00000004
    __rtentry7.o(.ARM.Collect$$rtentry$$00000007) refers to __rtentry7.o(.ARM.Collect$$rtentry$$00002718) for __lit__00000000
    __rtentry7.o(__vectab_stack_and_reset_2_area) refers to __main.o(!!!main) for __main
    __rtentry7.o(.ARM.exidx) refers to __rtentry7.o(.ARM.Collect$$rtentry$$00000007) for .ARM.Collect$$rtentry$$00000007
    __rtentry7.o(.ARM.exidx) refers to __rtentry7.o(.ARM.Collect$$rtentry$$00002718) for .ARM.Collect$$rtentry$$00002718
    rt_div0.o(.text) refers to defsig_fpe_outer.o(.text) for __rt_SIGFPE
    maybetermalloc2.o(.emb_text) refers (Special) to term_alloc.o(.text) for _terminate_alloc
    h1_extend.o(.text) refers to h1_free.o(.text) for free
    h1_extend_mt.o(.text) refers to h1_free_mt.o(.text) for _free_internal
    defsig_abrt_outer.o(.text) refers to defsig_abrt_inner.o(.text) for __rt_SIGABRT_inner
    defsig_abrt_outer.o(.text) refers to defsig_exit.o(.text) for __sig_exit
    defsig_abrt_formal.o(.text) refers to rt_raise.o(.text) for __rt_raise
    defsig_rtmem_outer.o(.text) refers to defsig_rtmem_inner.o(.text) for __rt_SIGRTMEM_inner
    defsig_rtmem_outer.o(.text) refers to defsig_exit.o(.text) for __sig_exit
    defsig_rtmem_formal.o(.text) refers to rt_raise.o(.text) for __rt_raise
    heapauxa.o(.text) refers to heapauxa.o(.data) for .data
    argv_veneer.o(.emb_text) refers to no_argv.o(.text) for __ARM_get_argv
    sys_stackheap_outer.o(.text) refers to libspace.o(.text) for __user_perproc_libspace
    sys_stackheap_outer.o(.text) refers to sys_stackheap.o(.text) for __user_initial_stackheap
    rt_raise.o(.text) refers to __raise.o(.text) for __raise
    rt_raise.o(.text) refers to sys_exit.o(.text) for _sys_exit
    term_alloc.o(.text) refers (Special) to libshutdown2.o(.ARM.Collect$$libshutdown$$0000000E) for __rt_lib_shutdown_heap_2
    term_alloc.o(.text) refers to rt_heap_descriptor_intlibspace.o(.text) for __rt_heap_descriptor
    term_alloc.o(.text) refers to h1_final.o(.text) for __Heap_Finalize
    exit.o(.text) refers to rtexit.o(.ARM.Collect$$rtexit$$00000000) for __rt_exit
    defsig_exit.o(.text) refers to sys_exit.o(.text) for _sys_exit
    defsig_abrt_inner.o(.text) refers to defsig_general.o(.text) for __default_signal_display
    defsig_fpe_outer.o(.text) refers to defsig_fpe_inner.o(.text) for __rt_SIGFPE_inner
    defsig_fpe_outer.o(.text) refers to defsig_exit.o(.text) for __sig_exit
    defsig_fpe_formal.o(.text) refers to rt_raise.o(.text) for __rt_raise
    defsig_rtmem_inner.o(.text) refers to defsig_general.o(.text) for __default_signal_display
    _get_argv_nomalloc.o(.text) refers (Special) to hrguard.o(.text) for __heap_region$guard
    _get_argv_nomalloc.o(.text) refers to defsig_rtmem_outer.o(.text) for __rt_SIGRTMEM
    _get_argv_nomalloc.o(.text) refers to sys_command.o(.text) for _sys_command_string
    libinit.o(.ARM.Collect$$libinit$$00000000) refers (Special) to libinit2.o(.ARM.Collect$$libinit$$0000002E) for __rt_lib_init_alloca_1
    libinit.o(.ARM.Collect$$libinit$$00000000) refers (Special) to libinit2.o(.ARM.Collect$$libinit$$0000002C) for __rt_lib_init_argv_1
    libinit.o(.ARM.Collect$$libinit$$00000000) refers (Special) to libinit2.o(.ARM.Collect$$libinit$$0000001B) for __rt_lib_init_atexit_1
    libinit.o(.ARM.Collect$$libinit$$00000000) refers (Special) to libinit2.o(.ARM.Collect$$libinit$$00000021) for __rt_lib_init_clock_1
    libinit.o(.ARM.Collect$$libinit$$00000000) refers (Special) to libinit2.o(.ARM.Collect$$libinit$$00000032) for __rt_lib_init_cpp_1
    libinit.o(.ARM.Collect$$libinit$$00000000) refers (Special) to libinit2.o(.ARM.Collect$$libinit$$00000030) for __rt_lib_init_exceptions_1
    libinit.o(.ARM.Collect$$libinit$$00000000) refers (Special) to libinit2.o(.ARM.Collect$$libinit$$00000001) for __rt_lib_init_fp_1
    libinit.o(.ARM.Collect$$libinit$$00000000) refers (Special) to libinit2.o(.ARM.Collect$$libinit$$0000001F) for __rt_lib_init_fp_trap_1
    libinit.o(.ARM.Collect$$libinit$$00000000) refers (Special) to libinit2.o(.ARM.Collect$$libinit$$00000023) for __rt_lib_init_getenv_1
    libinit.o(.ARM.Collect$$libinit$$00000000) refers (Special) to libinit2.o(.ARM.Collect$$libinit$$0000000A) for __rt_lib_init_heap_1
    libinit.o(.ARM.Collect$$libinit$$00000000) refers (Special) to libinit2.o(.ARM.Collect$$libinit$$00000011) for __rt_lib_init_lc_collate_1
    libinit.o(.ARM.Collect$$libinit$$00000000) refers (Special) to libinit2.o(.ARM.Collect$$libinit$$00000013) for __rt_lib_init_lc_ctype_1
    libinit.o(.ARM.Collect$$libinit$$00000000) refers (Special) to libinit2.o(.ARM.Collect$$libinit$$00000015) for __rt_lib_init_lc_monetary_1
    libinit.o(.ARM.Collect$$libinit$$00000000) refers (Special) to libinit2.o(.ARM.Collect$$libinit$$00000017) for __rt_lib_init_lc_numeric_1
    libinit.o(.ARM.Collect$$libinit$$00000000) refers (Special) to libinit2.o(.ARM.Collect$$libinit$$00000019) for __rt_lib_init_lc_time_1
    libinit.o(.ARM.Collect$$libinit$$00000000) refers (Special) to libinit2.o(.ARM.Collect$$libinit$$00000004) for __rt_lib_init_preinit_1
    libinit.o(.ARM.Collect$$libinit$$00000000) refers (Special) to libinit2.o(.ARM.Collect$$libinit$$0000000E) for __rt_lib_init_rand_1
    libinit.o(.ARM.Collect$$libinit$$00000000) refers (Special) to libinit2.o(.ARM.Collect$$libinit$$00000033) for __rt_lib_init_return
    libinit.o(.ARM.Collect$$libinit$$00000000) refers (Special) to libinit2.o(.ARM.Collect$$libinit$$0000001D) for __rt_lib_init_signal_1
    libinit.o(.ARM.Collect$$libinit$$00000000) refers (Special) to libinit2.o(.ARM.Collect$$libinit$$00000025) for __rt_lib_init_stdio_1
    libinit.o(.ARM.Collect$$libinit$$00000000) refers (Special) to libinit2.o(.ARM.Collect$$libinit$$0000000C) for __rt_lib_init_user_alloc_1
    sys_stackheap.o(.text) refers (Special) to indicate_semi.o(.text) for __semihosting_library_function
    sys_stackheap.o(.text) refers to use_no_semi.o(.text) for __I$use$semihosting
    rtexit.o(.ARM.Collect$$rtexit$$00000000) refers (Special) to rtexit2.o(.ARM.Collect$$rtexit$$00000004) for __rt_exit_exit
    rtexit.o(.ARM.Collect$$rtexit$$00000000) refers (Special) to rtexit2.o(.ARM.Collect$$rtexit$$00000003) for __rt_exit_ls
    rtexit.o(.ARM.Collect$$rtexit$$00000000) refers (Special) to rtexit2.o(.ARM.Collect$$rtexit$$00000002) for __rt_exit_prels_1
    rtexit.o(.ARM.exidx) refers (Special) to rtexit2.o(.ARM.Collect$$rtexit$$00000004) for __rt_exit_exit
    rtexit.o(.ARM.exidx) refers (Special) to rtexit2.o(.ARM.Collect$$rtexit$$00000003) for __rt_exit_ls
    rtexit.o(.ARM.exidx) refers (Special) to rtexit2.o(.ARM.Collect$$rtexit$$00000002) for __rt_exit_prels_1
    rtexit.o(.ARM.exidx) refers to rtexit.o(.ARM.Collect$$rtexit$$00000000) for .ARM.Collect$$rtexit$$00000000
    __raise.o(.text) refers to defsig.o(CL$$defsig) for __default_signal_handler
    defsig_general.o(.text) refers to sys_wrch.o(.text) for _ttywrch
    defsig_fpe_inner.o(.text) refers to defsig_general.o(.text) for __default_signal_display
    libinit5.o(.ARM.Collect$$libinit$$00000008) refers to libinit5.o(.ARM.Collect$$libinit$$00002719) for __lit__00000000
    libinit5.o(.ARM.Collect$$libinit$$00000008) refers (Weak) to init_alloc.o(.text) for _init_alloc
    libinit5.o(.ARM.Collect$$libinit$$0000002A) refers to libinit5.o(.ARM.Collect$$libinit$$0000273B) for __lit__00000002
    libinit5.o(.ARM.Collect$$libinit$$0000002A) refers to argv_veneer.o(.emb_text) for __ARM_argv_veneer
    libshutdown2.o(.ARM.Collect$$libshutdown$$0000000D) refers (Weak) to term_alloc.o(.text) for _terminate_alloc
    rtexit2.o(.ARM.Collect$$rtexit$$00000003) refers to libshutdown.o(.ARM.Collect$$libshutdown$$00000000) for __rt_lib_shutdown
    rtexit2.o(.ARM.Collect$$rtexit$$00000004) refers to sys_exit.o(.text) for _sys_exit
    rtexit2.o(.ARM.exidx) refers to rtexit2.o(.ARM.Collect$$rtexit$$00000001) for .ARM.Collect$$rtexit$$00000001
    rtexit2.o(.ARM.exidx) refers to rtexit2.o(.ARM.Collect$$rtexit$$00000003) for .ARM.Collect$$rtexit$$00000003
    rtexit2.o(.ARM.exidx) refers to rtexit2.o(.ARM.Collect$$rtexit$$00000004) for .ARM.Collect$$rtexit$$00000004
    defsig.o(CL$$defsig) refers to defsig_abrt_inner.o(.text) for __rt_SIGABRT_inner
    defsig.o(CL$$defsig) refers to defsig_fpe_inner.o(.text) for __rt_SIGFPE_inner
    defsig.o(CL$$defsig) refers to defsig_rtmem_inner.o(.text) for __rt_SIGRTMEM_inner
    defsig_rtred_inner.o(.text) refers to defsig_general.o(.text) for __default_signal_display
    defsig_stak_inner.o(.text) refers to defsig_general.o(.text) for __default_signal_display
    defsig_pvfn_inner.o(.text) refers to defsig_general.o(.text) for __default_signal_display
    defsig_cppl_inner.o(.text) refers to defsig_general.o(.text) for __default_signal_display
    defsig_segv_inner.o(.text) refers to defsig_general.o(.text) for __default_signal_display
    defsig_other.o(.text) refers to defsig_general.o(.text) for __default_signal_display
    libshutdown.o(.ARM.Collect$$libshutdown$$00000000) refers (Special) to libshutdown2.o(.ARM.Collect$$libshutdown$$00000002) for __rt_lib_shutdown_cpp_1
    libshutdown.o(.ARM.Collect$$libshutdown$$00000000) refers (Special) to libshutdown2.o(.ARM.Collect$$libshutdown$$00000007) for __rt_lib_shutdown_fp_trap_1
    libshutdown.o(.ARM.Collect$$libshutdown$$00000000) refers (Special) to libshutdown2.o(.ARM.Collect$$libshutdown$$0000000F) for __rt_lib_shutdown_heap_1
    libshutdown.o(.ARM.Collect$$libshutdown$$00000000) refers (Special) to libshutdown2.o(.ARM.Collect$$libshutdown$$00000010) for __rt_lib_shutdown_return
    libshutdown.o(.ARM.Collect$$libshutdown$$00000000) refers (Special) to libshutdown2.o(.ARM.Collect$$libshutdown$$0000000A) for __rt_lib_shutdown_signal_1
    libshutdown.o(.ARM.Collect$$libshutdown$$00000000) refers (Special) to libshutdown2.o(.ARM.Collect$$libshutdown$$00000004) for __rt_lib_shutdown_stdio_1
    libshutdown.o(.ARM.Collect$$libshutdown$$00000000) refers (Special) to libshutdown2.o(.ARM.Collect$$libshutdown$$0000000C) for __rt_lib_shutdown_user_alloc_1

